Archive member included to satisfy reference by file (symbol)

C:/devkitPro/libogc/lib/wii\libwiikeyboard.a(keyboard.o)
                              Input.o (KEYBOARD_Init)
C:/devkitPro/libogc/lib/wii\libwiikeyboard.a(ukbdmap.o)
                              C:/devkitPro/libogc/lib/wii\libwiikeyboard.a(keyboard.o) (ukbd_keydesctab)
C:/devkitPro/libogc/lib/wii\libwiikeyboard.a(wskbdutil.o)
                              C:/devkitPro/libogc/lib/wii\libwiikeyboard.a(keyboard.o) (wskbd_compose_value)
C:/devkitPro/libogc/lib/wii\libwiikeyboard.a(usbkeyboard.o)
                              C:/devkitPro/libogc/lib/wii\libwiikeyboard.a(keyboard.o) (USBKeyboard_Initialize)
C:/devkitPro/libogc/lib/wii\libfat.a(fat_wrappers.o)
                              fatsystem.o (fatInitDefault)
C:/devkitPro/libogc/lib/wii\libfat.a(dvm_libogc.o)
                              C:/devkitPro/libogc/lib/wii\libfat.a(fat_wrappers.o) (dvmInit)
C:/devkitPro/libogc/lib/wii\libfat.a(dvm_disc.o)
                              C:/devkitPro/libogc/lib/wii\libfat.a(fat_wrappers.o) (dvmDiscCreate)
C:/devkitPro/libogc/lib/wii\libfat.a(dvm_cache.o)
                              C:/devkitPro/libogc/lib/wii\libfat.a(fat_wrappers.o) (dvmDiscCacheCreate)
C:/devkitPro/libogc/lib/wii\libfat.a(dvm_volume.o)
                              C:/devkitPro/libogc/lib/wii\libfat.a(fat_wrappers.o) (dvmMountVolume)
C:/devkitPro/libogc/lib/wii\libfat.a(dvm_prober.o)
                              C:/devkitPro/libogc/lib/wii\libfat.a(dvm_libogc.o) (dvmProbeMountDiscIface)
C:/devkitPro/libogc/lib/wii\libfat.a(fat_driver.o)
                              C:/devkitPro/libogc/lib/wii\libfat.a(dvm_volume.o) (g_vfatFsDriver)
C:/devkitPro/libogc/lib/wii\libfat.a(ff.o)
                              C:/devkitPro/libogc/lib/wii\libfat.a(fat_driver.o) (f_mount)
C:/devkitPro/libogc/lib/wii\libfat.a(ffunicode.o)
                              C:/devkitPro/libogc/lib/wii\libfat.a(ff.o) (ff_uni2oem)
C:/devkitPro/libogc/lib/wii\libogc.a(console.o)
                              Video.o (CON_Init)
C:/devkitPro/libogc/lib/wii\libogc.a(lwp_queue.o)
                              C:/devkitPro/libogc/lib/wii\libwiikeyboard.a(keyboard.o) (__lwp_queue_get)
C:/devkitPro/libogc/lib/wii\libogc.a(lwp.o)
                              C:/devkitPro/libogc/lib/wii\libwiikeyboard.a(keyboard.o) (LWP_CreateThread)
C:/devkitPro/libogc/lib/wii\libogc.a(lwp_objmgr.o)
                              C:/devkitPro/libogc/lib/wii\libogc.a(lwp.o) (__lwp_objmgr_initinfo)
C:/devkitPro/libogc/lib/wii\libogc.a(lwp_heap.o)
                              C:/devkitPro/libogc/lib/wii\libogc.a(lwp_objmgr.o) (__lwp_heap_allocate)
C:/devkitPro/libogc/lib/wii\libogc.a(sys_state.o)
                              C:/devkitPro/libogc/lib/wii\libogc.a(lwp_heap.o) (_sys_state_curr)
C:/devkitPro/libogc/lib/wii\libogc.a(video.o)
                              C:/devkitPro/libogc/lib/wii\libogc.a(console.o) (VIDEO_GetCurrentFramebuffer)
C:/devkitPro/libogc/lib/wii\libogc.a(system.o)
                              C:/devkitPro/devkitPPC/bin/../lib/gcc/powerpc-eabi/15.1.0/../../../../powerpc-eabi/lib/crtmain.o (SYS_PreMain)
C:/devkitPro/libogc/lib/wii\libogc.a(cond.o)
                              C:/devkitPro/libogc/lib/wii\libogc.a(system.o) (__lwp_cond_init)
C:/devkitPro/libogc/lib/wii\libogc.a(decrementer.o)
                              C:/devkitPro/libogc/lib/wii\libogc.a(system.o) (__decrementer_init)
C:/devkitPro/libogc/lib/wii\libogc.a(message.o)
                              C:/devkitPro/libogc/lib/wii\libogc.a(system.o) (__lwp_mqbox_init)
C:/devkitPro/libogc/lib/wii\libogc.a(si.o)
                              C:/devkitPro/libogc/lib/wii\libogc.a(video.o) (SI_RefreshSamplingRate)
C:/devkitPro/libogc/lib/wii\libogc.a(ipc.o)
                              C:/devkitPro/libogc/lib/wii\libwiikeyboard.a(usbkeyboard.o) (iosCreateHeap)
C:/devkitPro/libogc/lib/wii\libogc.a(ogc_crt0.o)
                              (_start)
C:/devkitPro/libogc/lib/wii\libogc.a(console_font_8x16.o)
                              C:/devkitPro/libogc/lib/wii\libogc.a(console.o) (console_font_8x16)
C:/devkitPro/libogc/lib/wii\libogc.a(timesupp.o)
                              C:/devkitPro/libogc/lib/wii\libogc.a(system.o) (gettick)
C:/devkitPro/libogc/lib/wii\libogc.a(lock_supp.o)
                              C:/devkitPro/libogc/lib/wii\libogc.a(system.o) (__syscall_lock_init)
C:/devkitPro/libogc/lib/wii\libogc.a(usbgecko.o)
                              C:/devkitPro/libogc/lib/wii\libogc.a(console.o) (usb_isgeckoalive)
C:/devkitPro/libogc/lib/wii\libogc.a(sbrk.o)
                              C:/devkitPro/libogc/lib/wii\libogc.a(system.o) (_sbrk_r)
C:/devkitPro/libogc/lib/wii\libogc.a(malloc_lock.o)
                              C:/devkitPro/libogc/lib/wii\libogc.a(system.o) (__memlock_init)
C:/devkitPro/libogc/lib/wii\libogc.a(stm.o)
                              C:/devkitPro/libogc/lib/wii\libogc.a(system.o) (STM_RegisterEventHandler)
[...]
Memory Configuration

Name             Origin             Length             Attributes
*default*        0x00000000         0xffffffff

Linker script and memory map

                0x00003400                        . = 0x3400

.stub
 *(.stub)
                0x80004000                        . = 0x80004000

.init           0x80004000      0x194
 *crt0.o(*.init)
 .init          0x80004000      0x170 C:/devkitPro/libogc/lib/wii\libogc.a(ogc_crt0.o)
                0x80004000                _start
                0x80004140                _memset
 *(.init)
 .init          0x80004170        0xc C:/devkitPro/devkitPPC/bin/../lib/gcc/powerpc-eabi/15.1.0/ecrti.o
                0x80004170                __init
 .init          0x8000417c        0x4 C:/devkitPro/devkitPPC/bin/../lib/gcc/powerpc-eabi/15.1.0/crtbegin.o
 .init          0x80004180        0x4 C:/devkitPro/devkitPPC/bin/../lib/gcc/powerpc-eabi/15.1.0/crtend.o
 .init          0x80004184       0x10 C:/devkitPro/devkitPPC/bin/../lib/gcc/powerpc-eabi/15.1.0/ecrtn.o

.rela.dyn       0x80004194        0x0
 .rela.iplt     0x80004194        0x0 C:/devkitPro/devkitPPC/bin/../lib/gcc/powerpc-eabi/15.1.0/crtbegin.o

.plt
 *(.plt)

.interp
 *(.interp)

.hash
 *(.hash)

.dynsym
 *(.dynsym)

.dynstr
 *(.dynstr)

.gnu.version
 *(.gnu.version)

.gnu.version_d
 *(.gnu.version_d)

.gnu.version_r
 *(.gnu.version_r)

.rel.init
 *(.rel.init)

.rela.init
 *(.rela.init)

.rel.text
 *(.rel.text .rel.text.* .rel.gnu.linkonce.t.*)

.rela.text      0x80004194        0x0
 *(.rela.text .rela.text.* .rela.gnu.linkonce.t.*)
 .rela.text.__do_global_dtors_aux
                0x80004194        0x0 C:/devkitPro/devkitPPC/bin/../lib/gcc/powerpc-eabi/15.1.0/crtbegin.o
 .rela.text.frame_dummy
                0x80004194        0x0 C:/devkitPro/devkitPPC/bin/../lib/gcc/powerpc-eabi/15.1.0/crtbegin.o
 .rela.text.unlikely.abort
                0x80004194        0x0 C:/devkitPro/devkitPPC/bin/../lib/gcc/powerpc-eabi/15.1.0/crtbegin.o
 .rela.text.__assert_func
                0x80004194        0x0 C:/devkitPro/devkitPPC/bin/../lib/gcc/powerpc-eabi/15.1.0/crtbegin.o

.rel.fini
 *(.rel.fini)

.rela.fini
 *(.rela.fini)

.rel.rodata
 *(.rel.rodata .rel.rodata.* .rel.gnu.linkonce.r.*)

.rela.rodata
 *(.rela.rodata .rela.rodata.* .rela.gnu.linkonce.r.*)

.rel.data
 *(.rel.data .rel.data.* .rel.gnu.linkonce.d.*)

.rela.data
 *(.rela.data .rela.data.* .rela.gnu.linkonce.d.*)

.rel.tdata
 *(.rel.tdata .rel.tdata.* .rel.gnu.linkonce.td.*)

.rela.tdata
 *(.rela.tdata .rela.tdata.* .rela.gnu.linkonce.td.*)

.rel.tbss
 *(.rel.tbss .rel.tbss.* .rel.gnu.linkonce.tb.*)

.rela.tbss
 *(.rela.tbss .rela.tbss.* .rela.gnu.linkonce.tb.*)

.rel.ctors
 *(.rel.ctors)

.rela.ctors
 *(.rela.ctors)

.rel.dtors
 *(.rel.dtors)

.rela.dtors
 *(.rela.dtors)

.rel.got
 *(.rel.got)

.rela.got
 *(.rela.got)

.rela.got1
 *(.rela.got1)

.rela.got2
 *(.rela.got2)

.rel.sdata
 *(.rel.sdata .rel.sdata.* .rel.gnu.linkonce.s.*)

.rela.sdata
 *(.rela.sdata .rela.sdata.* .rela.gnu.linkonce.s.*)

.rel.sbss
 *(.rel.sbss .rel.sbss.* .rel.gnu.linkonce.sb.*)

.rela.sbss
 *(.rela.sbss .rela.sbss.* .rel.gnu.linkonce.sb.*)

.rel.sdata2
 *(.rel.sdata2 .rel.sdata2.* .rel.gnu.linkonce.s2.*)

.rela.sdata2
 *(.rela.sdata2 .rela.sdata2.* .rela.gnu.linkonce.s2.*)

.rel.sbss2
 *(.rel.sbss2 .rel.sbss2.* .rel.gnu.linkonce.sb2.*)

.rela.sbss2
 *(.rela.sbss2 .rela.sbss2.* .rela.gnu.linkonce.sb2.*)

.rel.bss
 *(.rel.bss .rel.bss.* .rel.gnu.linkonce.b.*)

.rela.bss
 *(.rela.bss .rela.bss.* .rela.gnu.linkonce.b.*)

.rel.plt
 *(.rel.plt)

.rela.plt
 *(.rela.plt)

.text           0x800041a0    0x42860
 *(.text)
 .text          0x800041a0      0x44c C:/devkitPro/libogc/lib/wii\libogc.a(lwp_handler.o)
                0x800041a0                _cpu_context_save_fp
                0x800042e0                _cpu_context_restore_fp
                0x80004420                _cpu_context_switch
                0x80004500                _cpu_context_save
                0x80004580                _cpu_context_restore
 .text          0x800045ec      0x1ac C:/devkitPro/libogc/lib/wii\libogc.a(irq_handler.o)
                0x800045ec                irq_exceptionhandler
 .text          0x80004798      0x118 C:/devkitPro/libogc/lib/wii\libogc.a(video_asm.o)
                0x80004798                __VIClearFramebuffer
 .text          0x800048b0      0x4f4 C:/devkitPro/libogc/lib/wii\libogc.a(cache_asm.o)
                0x800048b0                DCFlashInvalidate
                0x800048c4                DCEnable
                0x800048d8                DCDisable
                0x800048ec                DCFreeze
                0x80004900                DCUnfreeze
                0x80004914                DCTouchLoad
                0x8000491c                DCBlockZero
                0x80004924                DCBlockStore
                0x8000492c                DCBlockFlush
                0x80004934                DCBlockInvalidate
                0x8000493c                DCInvalidateRange
                0x8000496c                DCFlushRange
                0x800049a0                DCStoreRange
                0x800049d4                DCFlushRangeNoSync
                0x80004a04                DCStoreRangeNoSync
                0x80004a34                DCZeroRange
                0x80004a64                DCTouchRange
                0x80004a94                ICInvalidateRange
                0x80004acc                ICFlashInvalidate
                0x80004ae0                ICEnable
                0x80004af4                ICDisable
                0x80004b08                ICFreeze
                0x80004b1c                ICUnfreeze
                0x80004b30                ICBlockInvalidate
                0x80004b38                ICSync
                0x80004b40                L2Init
                0x80004b88                L2Enable
                0x80004ba4                L2Disable
                0x80004bbc                L2GlobalInvalidate
                0x80004c14                __LCEnable
                0x80004ce0                LCDisable
                0x80004d08                LCAllocOneTag
                0x80004d1c                LCAllocTags
                0x80004d5c                LCLoadBlocks
                0x80004d80                LCStoreBlocks
 .text          0x80004da4      0x4a0 C:/devkitPro/libogc/lib/wii\libogc.a(system_asm.o)
                0x80004da4                __realmode
                0x80004dbc                __configBATS
                0x80004eec                __InitFPRS
                0x80005018                __InitPS
                0x80005074                __InitCache
                0x800050cc                __InitSystem
                0x80005154                __flush_cache
                0x80005188                __reset
                0x800051f8                __InitBATS
                0x80005214                SYS_SwitchFiber
 .text          0x80005244      0x1ac C:/devkitPro/libogc/lib/wii\libogc.a(decrementer_handler.o)
                0x80005244                dec_exceptionhandler
 .text          0x800053f0      0x35c C:/devkitPro/libogc/lib/wii\libogc.a(exception_handler.o)
                0x800053f0                exceptionhandler_start
                0x8000546c                exceptionhandler_patch
                0x800054a0                exceptionhandler_end
                0x800054a4                default_exceptionhandler
                0x800055d4                fpu_exceptionhandler
                0x8000571c                systemcallhandler_start
                0x80005748                systemcallhandler_end
 .text          0x8000574c       0x48 C:/devkitPro/devkitPPC/bin/../lib/gcc/powerpc-eabi/15.1.0\libgcc.a(eabi.o)
                0x8000574c                __eabi
 .text          0x80005794       0x58 C:/devkitPro/devkitPPC/bin/../lib/gcc/powerpc-eabi/15.1.0\libgcc.a(crtresxgpr.o)
                0x80005794                _restgpr_14_x
                0x80005798                _restgpr_15_x
                0x8000579c                _restgpr_16_x
                0x800057a0                _restgpr_17_x
                0x800057a4                _restgpr_18_x
                0x800057a8                _restgpr_19_x
                0x800057ac                _restgpr_20_x
                0x800057b0                _restgpr_21_x
                0x800057b4                _restgpr_22_x
                0x800057b8                _restgpr_23_x
                0x800057bc                _restgpr_24_x
                0x800057c0                _restgpr_25_x
                0x800057c4                _restgpr_26_x
                0x800057c8                _restgpr_27_x
                0x800057cc                _restgpr_28_x
                0x800057d0                _restgpr_29_x
                0x800057d4                _restgpr_30_x
                0x800057d8                _restgpr_31_x
 *(.text.*)
 .text.__do_global_dtors_aux
                0x800057ec       0xcc C:/devkitPro/devkitPPC/bin/../lib/gcc/powerpc-eabi/15.1.0/crtbegin.o
 .text.frame_dummy
                0x800058b8       0x24 C:/devkitPro/devkitPPC/bin/../lib/gcc/powerpc-eabi/15.1.0/crtbegin.o
 .text.__crtmain
                0x800058dc       0x40 C:/devkitPro/devkitPPC/bin/../lib/gcc/powerpc-eabi/15.1.0/../../../../powerpc-eabi/lib/crtmain.o
                0x800058e0                __crtmain
 .text.FATInit  0x8000591c       0xe4 fatsystem.o
                0x8000591c                FATInit
 .text.keypress
                0x80005a00       0x1c Input.o
                0x80005a00                keypress
 .text.InputInit
                0x80005a1c        0xc Input.o
                0x80005a1c                InputInit
 .text.printTopbar
                0x80005a28       0xd4 main.o
                0x80005a28                printTopbar
 .text.printCurrentPos
                0x80005afc      0x160 main.o
                0x80005afc                printCurrentPos
 .text.Scroll   0x80005c5c       0x4c main.o
                0x80005c5c                Scroll
 .text.Openfile
                0x80005ca8      0x3e8 main.o
                0x80005ca8                Openfile
 .text.Ctrlhandle
                0x80006090      0x104 main.o
                0x80006090                Ctrlhandle
 .text.startup.main
                0x80006194      0x174 main.o
                0x80006194                main
 .text.VideoInit
                0x80006308       0xfc Video.o
                0x80006308                VideoInit
 .text.POSCursor
                0x80006404       0x14 Video.o
                0x80006404                POSCursor
 .text.ClearScreen
                0x80006418       0x10 Video.o
                0x80006418                ClearScreen
 .text._keyboardRead
                0x80006428       0xc0 C:/devkitPro/libogc/lib/wii\libwiikeyboard.a(keyboard.o)
 .text._kbd_thread_func
                0x800064e8      0x180 C:/devkitPro/libogc/lib/wii\libwiikeyboard.a(keyboard.o)
 .text._kbd_buf_thread_func
                0x80006668       0xe8 C:/devkitPro/libogc/lib/wii\libwiikeyboard.a(keyboard.o)
 .text._kbd_event_cb
                0x80006750      0x740 C:/devkitPro/libogc/lib/wii\libwiikeyboard.a(keyboard.o)
 .text.KEYBOARD_Init
                0x80006e90      0x54c C:/devkitPro/libogc/lib/wii\libwiikeyboard.a(keyboard.o)
                0x80006e90                KEYBOARD_Init
 .text.wskbd_compose_value
                0x800073dc      0x170 C:/devkitPro/libogc/lib/wii\libwiikeyboard.a(wskbdutil.o)
                0x800073dc                wskbd_compose_value
 .text.ksym_upcase
                0x8000754c       0x4c C:/devkitPro/libogc/lib/wii\libwiikeyboard.a(wskbdutil.o)
                0x8000754c                ksym_upcase
 .text.fillmapentry
                0x80007598      0x110 C:/devkitPro/libogc/lib/wii\libwiikeyboard.a(wskbdutil.o)
                0x80007598                fillmapentry
 .text.wskbd_get_mapentry
                0x800076a8      0x210 C:/devkitPro/libogc/lib/wii\libwiikeyboard.a(wskbdutil.o)
                0x800076a8                wskbd_get_mapentry
 .text.wskbd_init_keymap
                0x800078b8       0xd4 C:/devkitPro/libogc/lib/wii\libwiikeyboard.a(wskbdutil.o)
                0x800078b8                wskbd_init_keymap
 .text.wskbd_load_keymap
                0x8000798c      0x398 C:/devkitPro/libogc/lib/wii\libwiikeyboard.a(wskbdutil.o)
                0x8000798c                wskbd_load_keymap
 .text._get_protocol
                0x80007d24       0x98 C:/devkitPro/libogc/lib/wii\libwiikeyboard.a(usbkeyboard.o)
 .text._set_output_report
                0x80007dbc       0xa4 C:/devkitPro/libogc/lib/wii\libwiikeyboard.a(usbkeyboard.o)
 .text._disconnect
                0x80007e60       0x5c C:/devkitPro/libogc/lib/wii\libwiikeyboard.a(usbkeyboard.o)
 .text.USBKeyboard_Initialize
                0x80007ebc       0x50 C:/devkitPro/libogc/lib/wii\libwiikeyboard.a(usbkeyboard.o)
                0x80007ebc                USBKeyboard_Initialize
 .text.USBKeyboard_Deinitialize
                0x80007f0c        0x8 C:/devkitPro/libogc/lib/wii\libwiikeyboard.a(usbkeyboard.o)
                0x80007f0c                USBKeyboard_Deinitialize
 .text.USBKeyboard_Close
                0x80007f14       0x78 C:/devkitPro/libogc/lib/wii\libwiikeyboard.a(usbkeyboard.o)
                0x80007f14                USBKeyboard_Close
 .text.USBKeyboard_Open
                0x80007f8c      0x498 C:/devkitPro/libogc/lib/wii\libwiikeyboard.a(usbkeyboard.o)
                0x80007f8c                USBKeyboard_Open
 .text.USBKeyboard_IsConnected
                0x80008424       0x24 C:/devkitPro/libogc/lib/wii\libwiikeyboard.a(usbkeyboard.o)
                0x80008424                USBKeyboard_IsConnected
 .text.USBKeyboard_Scan
                0x80008448      0x290 C:/devkitPro/libogc/lib/wii\libwiikeyboard.a(usbkeyboard.o)
                0x80008448                USBKeyboard_Scan
 .text.USBKeyboard_SetLed
                0x800086d8       0x5c C:/devkitPro/libogc/lib/wii\libwiikeyboard.a(usbkeyboard.o)
                0x800086d8                USBKeyboard_SetLed
 .text.fatInitDefault
                0x80008734       0x18 C:/devkitPro/libogc/lib/wii\libfat.a(fat_wrappers.o)
                0x80008734                fatInitDefault
 .text._dvmDetectSectorShift
                0x8000874c       0x34 C:/devkitPro/libogc/lib/wii\libfat.a(dvm_libogc.o)
                0x8000874c                _dvmDetectSectorShift
 .text.dvmInit  0x80008780      0x130 C:/devkitPro/libogc/lib/wii\libfat.a(dvm_libogc.o)
                0x80008780                dvmInit
 .text._dvmDiscWrapReadSectors
                0x800088b0       0x1c C:/devkitPro/libogc/lib/wii\libfat.a(dvm_disc.o)
 .text._dvmDiscWrapWriteSectors
                0x800088cc       0x1c C:/devkitPro/libogc/lib/wii\libfat.a(dvm_disc.o)
 .text._dvmDiscWrapFlush
                0x800088e8        0x4 C:/devkitPro/libogc/lib/wii\libfat.a(dvm_disc.o)
 .text._dvmDiscWrapDestroy
                0x800088ec        0x4 C:/devkitPro/libogc/lib/wii\libfat.a(dvm_disc.o)
 .text.dvmDiscCreate
                0x800088f0       0xc4 C:/devkitPro/libogc/lib/wii\libfat.a(dvm_disc.o)
                0x800088f0                dvmDiscCreate
 .text.dvmDiscAddUser
                0x800089b4       0x10 C:/devkitPro/libogc/lib/wii\libfat.a(dvm_disc.o)
                0x800089b4                dvmDiscAddUser
 .text.dvmDiscRemoveUser
                0x800089c4       0x28 C:/devkitPro/libogc/lib/wii\libfat.a(dvm_disc.o)
                0x800089c4                dvmDiscRemoveUser
 .text._dvmDiscCacheReadWrite
                0x800089ec      0x584 C:/devkitPro/libogc/lib/wii\libfat.a(dvm_cache.o)
 .text._dvmDiscCacheWriteSectors
                0x80008f70       0xa0 C:/devkitPro/libogc/lib/wii\libfat.a(dvm_cache.o)
 .text._dvmDiscCacheReadSectors
                0x80009010       0xa0 C:/devkitPro/libogc/lib/wii\libfat.a(dvm_cache.o)
 .text._dvmDiscCacheFlush
                0x800090b0      0x118 C:/devkitPro/libogc/lib/wii\libfat.a(dvm_cache.o)
 .text._dvmDiscCacheDestroy
                0x800091c8       0x48 C:/devkitPro/libogc/lib/wii\libfat.a(dvm_cache.o)
 .text.dvmDiscCacheCreate
                0x80009210      0x21c C:/devkitPro/libogc/lib/wii\libfat.a(dvm_cache.o)
                0x80009210                dvmDiscCacheCreate
 .text.dvmMountVolume
                0x8000942c      0x200 C:/devkitPro/libogc/lib/wii\libfat.a(dvm_volume.o)
                0x8000942c                dvmMountVolume
 .text._dvmSetAppWorkingDir
                0x8000962c       0x88 C:/devkitPro/libogc/lib/wii\libfat.a(dvm_volume.o)
                0x8000962c                _dvmSetAppWorkingDir
 .text._dvmIdentMbrVbr
                0x800096b4      0x15c C:/devkitPro/libogc/lib/wii\libfat.a(dvm_prober.o)
 .text._dvmReadPartitionTable
                0x80009810      0x234 C:/devkitPro/libogc/lib/wii\libfat.a(dvm_prober.o)
 .text.dvmProbeMountDisc
                0x80009a44      0x14c C:/devkitPro/libogc/lib/wii\libfat.a(dvm_prober.o)
                0x80009a44                dvmProbeMountDisc
 .text.dvmProbeMountDiscIface
                0x80009b90       0xb4 C:/devkitPro/libogc/lib/wii\libfat.a(dvm_prober.o)
                0x80009b90                dvmProbeMountDiscIface
 .text._FAT_fstat_r
                0x80009c44      0x118 C:/devkitPro/libogc/lib/wii\libfat.a(fat_driver.o)
 .text._FAT_umount
                0x80009d5c       0x34 C:/devkitPro/libogc/lib/wii\libfat.a(fat_driver.o)
 .text._FAT_mount
                0x80009d90       0x78 C:/devkitPro/libogc/lib/wii\libfat.a(fat_driver.o)
 .text._FAT_seek_r
                0x80009e08      0x188 C:/devkitPro/libogc/lib/wii\libfat.a(fat_driver.o)
 .text._FAT_set_stat
                0x80009f90      0x124 C:/devkitPro/libogc/lib/wii\libfat.a(fat_driver.o)
 .text._FAT_mkdir_r
                0x8000a0b4       0x94 C:/devkitPro/libogc/lib/wii\libfat.a(fat_driver.o)
 .text._FAT_chdir_r
                0x8000a148       0x94 C:/devkitPro/libogc/lib/wii\libfat.a(fat_driver.o)
 .text._FAT_unlink_r
                0x8000a1dc       0x98 C:/devkitPro/libogc/lib/wii\libfat.a(fat_driver.o)
 .text._FAT_rmdir_r
                0x8000a274       0x98 C:/devkitPro/libogc/lib/wii\libfat.a(fat_driver.o)
 .text._FAT_diropen_r
                0x8000a30c       0xb0 C:/devkitPro/libogc/lib/wii\libfat.a(fat_driver.o)
 .text._FAT_fsync_r
                0x8000a3bc       0xac C:/devkitPro/libogc/lib/wii\libfat.a(fat_driver.o)
 .text._FAT_close_r
                0x8000a468       0xac C:/devkitPro/libogc/lib/wii\libfat.a(fat_driver.o)
 .text._FAT_dirclose_r
                0x8000a514       0xac C:/devkitPro/libogc/lib/wii\libfat.a(fat_driver.o)
 .text._FAT_dirreset_r
                0x8000a5c0       0xb0 C:/devkitPro/libogc/lib/wii\libfat.a(fat_driver.o)
 .text._FAT_rename_r
                0x8000a670       0xbc C:/devkitPro/libogc/lib/wii\libfat.a(fat_driver.o)
 .text._FAT_stat_r
                0x8000a72c       0xf0 C:/devkitPro/libogc/lib/wii\libfat.a(fat_driver.o)
 .text._FAT_read_r
                0x8000a81c       0x9c C:/devkitPro/libogc/lib/wii\libfat.a(fat_driver.o)
 .text._FAT_write_r
                0x8000a8b8       0x9c C:/devkitPro/libogc/lib/wii\libfat.a(fat_driver.o)
 .text._FAT_statvfs_r
                0x8000a954      0x124 C:/devkitPro/libogc/lib/wii\libfat.a(fat_driver.o)
 .text._FAT_ftruncate_r
                0x8000aa78      0x1d8 C:/devkitPro/libogc/lib/wii\libfat.a(fat_driver.o)
 .text._FAT_dirnext_r
                0x8000ac50      0x1a0 C:/devkitPro/libogc/lib/wii\libfat.a(fat_driver.o)
 .text._FAT_open_r
                0x8000adf0      0x17c C:/devkitPro/libogc/lib/wii\libfat.a(fat_driver.o)
 .text.get_fattime
                0x8000af6c       0x8c C:/devkitPro/libogc/lib/wii\libfat.a(fat_driver.o)
                0x8000af6c                get_fattime
 .text.ff_mutex_create
                0x8000aff8       0x28 C:/devkitPro/libogc/lib/wii\libfat.a(fat_driver.o)
                0x8000aff8                ff_mutex_create
 .text.ff_mutex_delete
                0x8000b020        0x8 C:/devkitPro/libogc/lib/wii\libfat.a(fat_driver.o)
                0x8000b020                ff_mutex_delete
 .text.ff_mutex_take
                0x8000b028       0x60 C:/devkitPro/libogc/lib/wii\libfat.a(fat_driver.o)
                0x8000b028                ff_mutex_take
 .text.ff_mutex_give
                0x8000b088        0x8 C:/devkitPro/libogc/lib/wii\libfat.a(fat_driver.o)
                0x8000b088                ff_mutex_give
 .text.disk_initialize
                0x8000b090       0x24 C:/devkitPro/libogc/lib/wii\libfat.a(fat_driver.o)
                0x8000b090                disk_initialize
 .text.disk_status
                0x8000b0b4       0x24 C:/devkitPro/libogc/lib/wii\libfat.a(fat_driver.o)
                0x8000b0b4                disk_status
 .text.disk_read
                0x8000b0d8       0x44 C:/devkitPro/libogc/lib/wii\libfat.a(fat_driver.o)
                0x8000b0d8                disk_read
 .text.disk_write
                0x8000b11c       0x44 C:/devkitPro/libogc/lib/wii\libfat.a(fat_driver.o)
                0x8000b11c                disk_write
 .text.disk_ioctl
                0x8000b160       0x5c C:/devkitPro/libogc/lib/wii\libfat.a(fat_driver.o)
                0x8000b160                disk_ioctl
 .text.tchar2uni
                0x8000b1bc       0xe8 C:/devkitPro/libogc/lib/wii\libfat.a(ff.o)
 .text.sync_window
                0x8000b2a4       0xb0 C:/devkitPro/libogc/lib/wii\libfat.a(ff.o)
 .text.validate
                0x8000b354       0xd8 C:/devkitPro/libogc/lib/wii\libfat.a(ff.o)
 .text.put_utf  0x8000b42c      0x148 C:/devkitPro/libogc/lib/wii\libfat.a(ff.o)
 .text.dir_clear
                0x8000b574       0xdc C:/devkitPro/libogc/lib/wii\libfat.a(ff.o)
 .text.get_fileinfo
                0x8000b650      0x2fc C:/devkitPro/libogc/lib/wii\libfat.a(ff.o)
 .text.sync_fs  0x8000b94c      0x178 C:/devkitPro/libogc/lib/wii\libfat.a(ff.o)
 .text.move_window
                0x8000bac4       0xfc C:/devkitPro/libogc/lib/wii\libfat.a(ff.o)
 .text.put_fat.part.0
                0x8000bbc0      0x214 C:/devkitPro/libogc/lib/wii\libfat.a(ff.o)
 .text.get_fat.isra.0
                0x8000bdd4      0x224 C:/devkitPro/libogc/lib/wii\libfat.a(ff.o)
 .text.remove_chain
                0x8000bff8      0x1a4 C:/devkitPro/libogc/lib/wii\libfat.a(ff.o)
 .text.create_chain
                0x8000c19c      0x2ac C:/devkitPro/libogc/lib/wii\libfat.a(ff.o)
 .text.dir_next
                0x8000c448      0x218 C:/devkitPro/libogc/lib/wii\libfat.a(ff.o)
 .text.dir_read
                0x8000c660      0x304 C:/devkitPro/libogc/lib/wii\libfat.a(ff.o)
 .text.dir_sdi  0x8000c964      0x1e0 C:/devkitPro/libogc/lib/wii\libfat.a(ff.o)
 .text.dir_alloc
                0x8000cb44      0x170 C:/devkitPro/libogc/lib/wii\libfat.a(ff.o)
 .text.dir_remove
                0x8000ccb4      0x1b0 C:/devkitPro/libogc/lib/wii\libfat.a(ff.o)
 .text.dir_find
                0x8000ce64      0x38c C:/devkitPro/libogc/lib/wii\libfat.a(ff.o)
 .text.follow_path
                0x8000d1f0      0x708 C:/devkitPro/libogc/lib/wii\libfat.a(ff.o)
 .text.dir_register
                0x8000d8f8      0x500 C:/devkitPro/libogc/lib/wii\libfat.a(ff.o)
 .text.check_fs
                0x8000ddf8      0x304 C:/devkitPro/libogc/lib/wii\libfat.a(ff.o)
 .text.mount_volume.part.0
                0x8000e0fc      0x4f8 C:/devkitPro/libogc/lib/wii\libfat.a(ff.o)
 .text.f_mount  0x8000e5f4       0xb0 C:/devkitPro/libogc/lib/wii\libfat.a(ff.o)
                0x8000e5f4                f_mount
 .text.f_umount
                0x8000e6a4       0x3c C:/devkitPro/libogc/lib/wii\libfat.a(ff.o)
                0x8000e6a4                f_umount
 .text.f_open   0x8000e6e0      0x404 C:/devkitPro/libogc/lib/wii\libfat.a(ff.o)
                0x8000e6e0                f_open
 .text.f_read   0x8000eae4      0x3b8 C:/devkitPro/libogc/lib/wii\libfat.a(ff.o)
                0x8000eae4                f_read
 .text.f_write  0x8000ee9c      0x450 C:/devkitPro/libogc/lib/wii\libfat.a(ff.o)
                0x8000ee9c                f_write
 .text.f_sync   0x8000f2ec      0x1cc C:/devkitPro/libogc/lib/wii\libfat.a(ff.o)
                0x8000f2ec                f_sync
 .text.f_close  0x8000f4b8       0x80 C:/devkitPro/libogc/lib/wii\libfat.a(ff.o)
                0x8000f4b8                f_close
 .text.f_chdir  0x8000f538      0x130 C:/devkitPro/libogc/lib/wii\libfat.a(ff.o)
                0x8000f538                f_chdir
 .text.f_lseek  0x8000f668      0x33c C:/devkitPro/libogc/lib/wii\libfat.a(ff.o)
                0x8000f668                f_lseek
 .text.f_opendir
                0x8000f9a4      0x194 C:/devkitPro/libogc/lib/wii\libfat.a(ff.o)
                0x8000f9a4                f_opendir
 .text.f_closedir
                0x8000fb38       0xb0 C:/devkitPro/libogc/lib/wii\libfat.a(ff.o)
                0x8000fb38                f_closedir
 .text.f_readdir
                0x8000fbe8      0x150 C:/devkitPro/libogc/lib/wii\libfat.a(ff.o)
                0x8000fbe8                f_readdir
 .text.f_stat   0x8000fd38      0x16c C:/devkitPro/libogc/lib/wii\libfat.a(ff.o)
                0x8000fd38                f_stat
 .text.f_getfree
                0x8000fea4      0x220 C:/devkitPro/libogc/lib/wii\libfat.a(ff.o)
                0x8000fea4                f_getfree
 .text.f_truncate
                0x800100c4      0x214 C:/devkitPro/libogc/lib/wii\libfat.a(ff.o)
                0x800100c4                f_truncate
 .text.f_unlink
                0x800102d8      0x1f8 C:/devkitPro/libogc/lib/wii\libfat.a(ff.o)
                0x800102d8                f_unlink
 .text.f_mkdir  0x800104d0      0x320 C:/devkitPro/libogc/lib/wii\libfat.a(ff.o)
                0x800104d0                f_mkdir
 .text.f_rename
                0x800107f0      0x2e8 C:/devkitPro/libogc/lib/wii\libfat.a(ff.o)
                0x800107f0                f_rename
 .text.ff_uni2oem
                0x80010ad8       0x68 C:/devkitPro/libogc/lib/wii\libfat.a(ffunicode.o)
                0x80010ad8                ff_uni2oem
 .text.ff_oem2uni
                0x80010b40       0x40 C:/devkitPro/libogc/lib/wii\libfat.a(ffunicode.o)
                0x80010b40                ff_oem2uni
 .text.ff_wtoupper
                0x80010b80      0x120 C:/devkitPro/libogc/lib/wii\libfat.a(ffunicode.o)
                0x80010b80                ff_wtoupper
 .text.__console_clear
                0x80010ca0       0xac C:/devkitPro/libogc/lib/wii\libogc.a(console.o)
 .text.__console_clear_line
                0x80010d4c      0x12c C:/devkitPro/libogc/lib/wii\libogc.a(console.o)
 .text.__console_write
                0x80010e78      0x838 C:/devkitPro/libogc/lib/wii\libogc.a(console.o)
                0x80010e78                __console_write
 .text.__console_init
                0x800116b0      0x118 C:/devkitPro/libogc/lib/wii\libogc.a(console.o)
                0x800116b0                __console_init
 .text.CON_Init
                0x800117c8        0x4 C:/devkitPro/libogc/lib/wii\libogc.a(console.o)
                0x800117c8                CON_Init
 .text.CON_GetPosition
                0x800117cc       0x20 C:/devkitPro/libogc/lib/wii\libogc.a(console.o)
                0x800117cc                CON_GetPosition
 .text.CON_EnableGecko
                0x800117ec       0xf8 C:/devkitPro/libogc/lib/wii\libogc.a(console.o)
                0x800117ec                CON_EnableGecko
 .text.__lwp_queue_initialize
                0x800118e4       0x98 C:/devkitPro/libogc/lib/wii\libogc.a(lwp_queue.o)
                0x800118e4                __lwp_queue_initialize
 .text.__lwp_queue_get
                0x8001197c       0x74 C:/devkitPro/libogc/lib/wii\libogc.a(lwp_queue.o)
                0x8001197c                __lwp_queue_get
 .text.__lwp_queue_append
                0x800119f0       0x4c C:/devkitPro/libogc/lib/wii\libogc.a(lwp_queue.o)
                0x800119f0                __lwp_queue_append
 .text.idle_func
                0x80011a3c        0x4 C:/devkitPro/libogc/lib/wii\libogc.a(lwp.o)
 .text.__lwp_sysinit
                0x80011a40      0x114 C:/devkitPro/libogc/lib/wii\libogc.a(lwp.o)
                0x80011a40                __lwp_sysinit
 .text.LWP_CreateThread
                0x80011b54      0x1b0 C:/devkitPro/libogc/lib/wii\libogc.a(lwp.o)
                0x80011b54                LWP_CreateThread
 .text.LWP_JoinThread
                0x80011d04      0x134 C:/devkitPro/libogc/lib/wii\libogc.a(lwp.o)
                0x80011d04                LWP_JoinThread
 .text.LWP_InitQueue
                0x80011e38      0x148 C:/devkitPro/libogc/lib/wii\libogc.a(lwp.o)
                0x80011e38                LWP_InitQueue
 .text.LWP_CloseQueue
                0x80011f80       0xd4 C:/devkitPro/libogc/lib/wii\libogc.a(lwp.o)
                0x80011f80                LWP_CloseQueue
 .text.LWP_ThreadSleep
                0x80012054       0xf4 C:/devkitPro/libogc/lib/wii\libogc.a(lwp.o)
                0x80012054                LWP_ThreadSleep
 .text.LWP_ThreadBroadcast
                0x80012148       0x88 C:/devkitPro/libogc/lib/wii\libogc.a(lwp.o)
                0x80012148                LWP_ThreadBroadcast
 .text.LWP_ThreadSignal
                0x800121d0       0x74 C:/devkitPro/libogc/lib/wii\libogc.a(lwp.o)
                0x800121d0                LWP_ThreadSignal
 .text.__lwp_objmgr_initinfo
                0x80012244      0x1a0 C:/devkitPro/libogc/lib/wii\libogc.a(lwp_objmgr.o)
                0x80012244                __lwp_objmgr_initinfo
 .text.__lwp_objmgr_getisrdisable
                0x800123e4       0x60 C:/devkitPro/libogc/lib/wii\libogc.a(lwp_objmgr.o)
                0x800123e4                __lwp_objmgr_getisrdisable
 .text.__lwp_objmgr_getnoprotection
                0x80012444       0x24 C:/devkitPro/libogc/lib/wii\libogc.a(lwp_objmgr.o)
                0x80012444                __lwp_objmgr_getnoprotection
 .text.__lwp_objmgr_get
                0x80012468       0x6c C:/devkitPro/libogc/lib/wii\libogc.a(lwp_objmgr.o)
                0x80012468                __lwp_objmgr_get
 .text.__lwp_objmgr_allocate
                0x800124d4       0x88 C:/devkitPro/libogc/lib/wii\libogc.a(lwp_objmgr.o)
                0x800124d4                __lwp_objmgr_allocate
 .text.__lwp_objmgr_free
                0x8001255c       0x60 C:/devkitPro/libogc/lib/wii\libogc.a(lwp_objmgr.o)
                0x8001255c                __lwp_objmgr_free
 .text.__lwp_heap_init
                0x800125bc       0xa4 C:/devkitPro/libogc/lib/wii\libogc.a(lwp_heap.o)
                0x800125bc                __lwp_heap_init
 .text.__lwp_heap_allocate
                0x80012660      0x168 C:/devkitPro/libogc/lib/wii\libogc.a(lwp_heap.o)
                0x80012660                __lwp_heap_allocate
 .text.__lwp_heap_free
                0x800127c8      0x188 C:/devkitPro/libogc/lib/wii\libogc.a(lwp_heap.o)
                0x800127c8                __lwp_heap_free
 .text.__VISendI2CData.constprop.0.isra.0
                0x80012950      0x418 C:/devkitPro/libogc/lib/wii\libogc.a(video.o)
 .text.__setFbbRegs.constprop.0
                0x80012d68      0x190 C:/devkitPro/libogc/lib/wii\libogc.a(video.o)
 .text.__VISetGamma
                0x80012ef8       0x58 C:/devkitPro/libogc/lib/wii\libogc.a(video.o)
 .text.__VISetOutputMode
                0x80012f50      0x134 C:/devkitPro/libogc/lib/wii\libogc.a(video.o)
 .text.__VISetMacroVision
                0x80013084       0xb4 C:/devkitPro/libogc/lib/wii\libogc.a(video.o)
 .text.VIDEO_WaitVSync
                0x80013138       0x74 C:/devkitPro/libogc/lib/wii\libogc.a(video.o)
                0x80013138                VIDEO_WaitVSync
 .text.VIDEO_SetFramebuffer
                0x800131ac       0xd0 C:/devkitPro/libogc/lib/wii\libogc.a(video.o)
                0x800131ac                VIDEO_SetFramebuffer
 .text.VIDEO_SetNextFramebuffer
                0x8001327c       0x70 C:/devkitPro/libogc/lib/wii\libogc.a(video.o)
                0x8001327c                VIDEO_SetNextFramebuffer
 .text.VIDEO_Flush
                0x800132ec       0xf4 C:/devkitPro/libogc/lib/wii\libogc.a(video.o)
                0x800132ec                VIDEO_Flush
 .text.VIDEO_SetBlack
                0x800133e0      0x15c C:/devkitPro/libogc/lib/wii\libogc.a(video.o)
                0x800133e0                VIDEO_SetBlack
 .text.VIDEO_GetCurrentTvMode
                0x8001353c       0x78 C:/devkitPro/libogc/lib/wii\libogc.a(video.o)
                0x8001353c                VIDEO_GetCurrentTvMode
 .text.__VIRetraceHandler
                0x800135b4      0x258 C:/devkitPro/libogc/lib/wii\libogc.a(video.o)
 .text.__VISetupEncoder.part.0.isra.0
                0x8001380c      0x2a8 C:/devkitPro/libogc/lib/wii\libogc.a(video.o)
 .text.VIDEO_Configure
                0x80013ab4      0x60c C:/devkitPro/libogc/lib/wii\libogc.a(video.o)
                0x80013ab4                VIDEO_Configure
 .text.VIDEO_Init
                0x800140c0      0x3ec C:/devkitPro/libogc/lib/wii\libogc.a(video.o)
                0x800140c0                VIDEO_Init
 .text.VIDEO_GetPreferredMode
                0x800144ac      0x108 C:/devkitPro/libogc/lib/wii\libogc.a(video.o)
                0x800144ac                VIDEO_GetPreferredMode
 .text.VIDEO_GetCurrentLine
                0x800145b4       0xa0 C:/devkitPro/libogc/lib/wii\libogc.a(video.o)
                0x800145b4                VIDEO_GetCurrentLine
 .text.VIDEO_GetFrameBufferSize
                0x80014654       0x34 C:/devkitPro/libogc/lib/wii\libogc.a(video.o)
                0x80014654                VIDEO_GetFrameBufferSize
 .text.VIDEO_ClearFrameBuffer
                0x80014688       0x3c C:/devkitPro/libogc/lib/wii\libogc.a(video.o)
                0x80014688                VIDEO_ClearFrameBuffer
 .text.__call_resetfuncs
                0x800146c4       0xbc C:/devkitPro/libogc/lib/wii\libogc.a(system.o)
 .text.__MEMInterruptHandler
                0x80014780       0x14 C:/devkitPro/libogc/lib/wii\libogc.a(system.o)
 .text.__RSWDefaultHandler
                0x80014794        0x4 C:/devkitPro/libogc/lib/wii\libogc.a(system.o)
 .text.__POWDefaultHandler
                0x80014798        0x4 C:/devkitPro/libogc/lib/wii\libogc.a(system.o)
 .text.__STMEventHandler
                0x8001479c       0xf4 C:/devkitPro/libogc/lib/wii\libogc.a(system.o)
 .text.__getrtc
                0x80014890      0x14c C:/devkitPro/libogc/lib/wii\libogc.a(system.o)
 .text.__sram_write
                0x800149dc      0x144 C:/devkitPro/libogc/lib/wii\libogc.a(system.o)
 .text.__sram_writecallback
                0x80014b20       0x54 C:/devkitPro/libogc/lib/wii\libogc.a(system.o)
 .text.__mem_onreset
                0x80014b74       0x48 C:/devkitPro/libogc/lib/wii\libogc.a(system.o)
 .text.__unlocksram
                0x80014bbc      0x130 C:/devkitPro/libogc/lib/wii\libogc.a(system.o)
 .text.__sys_alarmhandler
                0x80014cec      0x14c C:/devkitPro/libogc/lib/wii\libogc.a(system.o)
 .text.__syscall_malloc_lock
                0x80014e38        0x4 C:/devkitPro/libogc/lib/wii\libogc.a(system.o)
                0x80014e38                __syscall_malloc_lock
 .text.__syscall_malloc_unlock
                0x80014e3c        0x4 C:/devkitPro/libogc/lib/wii\libogc.a(system.o)
                0x80014e3c                __syscall_malloc_unlock
 .text.__syscall_gettod_r
                0x80014e40        0x4 C:/devkitPro/libogc/lib/wii\libogc.a(system.o)
                0x80014e40                __syscall_gettod_r
 .text.__syscall_nanosleep
                0x80014e44        0x4 C:/devkitPro/libogc/lib/wii\libogc.a(system.o)
                0x80014e44                __syscall_nanosleep
 .text.__SYS_GetRTC
                0x80014e48       0x98 C:/devkitPro/libogc/lib/wii\libogc.a(system.o)
                0x80014e48                __SYS_GetRTC
 .text.__SYS_SetBootTime
                0x80014ee0       0xf4 C:/devkitPro/libogc/lib/wii\libogc.a(system.o)
                0x80014ee0                __SYS_SetBootTime
 .text.__SYS_GetIPCBufferLo
                0x80014fd4        0x8 C:/devkitPro/libogc/lib/wii\libogc.a(system.o)
                0x80014fd4                __SYS_GetIPCBufferLo
 .text.__SYS_GetIPCBufferHi
                0x80014fdc        0x8 C:/devkitPro/libogc/lib/wii\libogc.a(system.o)
                0x80014fdc                __SYS_GetIPCBufferHi
 .text.__SYS_PreInit
                0x80014fe4        0x4 C:/devkitPro/libogc/lib/wii\libogc.a(system.o)
                0x80014fe4                __SYS_PreInit
 .text.SYS_PreMain
                0x80014fe8       0x7c C:/devkitPro/libogc/lib/wii\libogc.a(system.o)
                0x80014fe8                SYS_PreMain
 .text.SYS_ResetButtonDown
                0x80015064       0x18 C:/devkitPro/libogc/lib/wii\libogc.a(system.o)
                0x80015064                SYS_ResetButtonDown
 .text.SYS_ResetSystem
                0x8001507c      0x1f8 C:/devkitPro/libogc/lib/wii\libogc.a(system.o)
                0x8001507c                SYS_ResetSystem
 .text.__reload
                0x80015274       0x7c C:/devkitPro/libogc/lib/wii\libogc.a(system.o)
                0x80015274                __reload
 .text.__syscall_exit
                0x800152f0       0x84 C:/devkitPro/libogc/lib/wii\libogc.a(system.o)
                0x800152f0                __syscall_exit
 .text.SYS_RegisterResetFunc
                0x80015374       0x78 C:/devkitPro/libogc/lib/wii\libogc.a(system.o)
                0x80015374                SYS_RegisterResetFunc
 .text.SYS_SetArena1Lo
                0x800153ec       0x38 C:/devkitPro/libogc/lib/wii\libogc.a(system.o)
                0x800153ec                SYS_SetArena1Lo
 .text.SYS_GetArena1Lo
                0x80015424       0x38 C:/devkitPro/libogc/lib/wii\libogc.a(system.o)
                0x80015424                SYS_GetArena1Lo
 .text.SYS_GetArena1Hi
                0x8001545c       0x38 C:/devkitPro/libogc/lib/wii\libogc.a(system.o)
                0x8001545c                SYS_GetArena1Hi
 .text.SYS_SetArena2Lo
                0x80015494       0x38 C:/devkitPro/libogc/lib/wii\libogc.a(system.o)
                0x80015494                SYS_SetArena2Lo
 .text.SYS_GetArena2Lo
                0x800154cc       0x38 C:/devkitPro/libogc/lib/wii\libogc.a(system.o)
                0x800154cc                SYS_GetArena2Lo
 .text.SYS_SetArena2Hi
                0x80015504       0x38 C:/devkitPro/libogc/lib/wii\libogc.a(system.o)
                0x80015504                SYS_SetArena2Hi
 .text.SYS_GetArena2Hi
                0x8001553c       0x38 C:/devkitPro/libogc/lib/wii\libogc.a(system.o)
                0x8001553c                SYS_GetArena2Hi
 .text.SYS_AllocateFramebuffer
                0x80015574       0x28 C:/devkitPro/libogc/lib/wii\libogc.a(system.o)
                0x80015574                SYS_AllocateFramebuffer
 .text.SYS_CreateAlarm
                0x8001559c      0x104 C:/devkitPro/libogc/lib/wii\libogc.a(system.o)
                0x8001559c                SYS_CreateAlarm
 .text.SYS_SetAlarm
                0x800156a0      0x1e0 C:/devkitPro/libogc/lib/wii\libogc.a(system.o)
                0x800156a0                SYS_SetAlarm
 .text.SYS_RemoveAlarm
                0x80015880      0x10c C:/devkitPro/libogc/lib/wii\libogc.a(system.o)
                0x80015880                SYS_RemoveAlarm
 .text.SYS_CancelAlarm
                0x8001598c       0xbc C:/devkitPro/libogc/lib/wii\libogc.a(system.o)
                0x8001598c                SYS_CancelAlarm
 .text.SYS_GetWirelessID
                0x80015a48       0x90 C:/devkitPro/libogc/lib/wii\libogc.a(system.o)
                0x80015a48                SYS_GetWirelessID
 .text.SYS_SetWirelessID
                0x80015ad8       0x90 C:/devkitPro/libogc/lib/wii\libogc.a(system.o)
                0x80015ad8                SYS_SetWirelessID
 .text.SYS_SetGBSMode
                0x80015b68       0xa8 C:/devkitPro/libogc/lib/wii\libogc.a(system.o)
                0x80015b68                SYS_SetGBSMode
 .text.__sram_init
                0x80015c10      0x1c4 C:/devkitPro/libogc/lib/wii\libogc.a(system.o)
                0x80015c10                __sram_init
 .text.SYS_Init
                0x80015dd4      0x5b0 C:/devkitPro/libogc/lib/wii\libogc.a(system.o)
                0x80015dd4                SYS_Init
 .text.SYS_GetHollywoodRevision
                0x80016384       0x3c C:/devkitPro/libogc/lib/wii\libogc.a(system.o)
                0x80016384                SYS_GetHollywoodRevision
 .text.SYS_Time
                0x800163c0       0x78 C:/devkitPro/libogc/lib/wii\libogc.a(system.o)
                0x800163c0                SYS_Time
 .text.__lwp_cond_init
                0x80016438       0x14 C:/devkitPro/libogc/lib/wii\libogc.a(cond.o)
                0x80016438                __lwp_cond_init
 .text.__decrementer_init
                0x8001644c        0x4 C:/devkitPro/libogc/lib/wii\libogc.a(decrementer.o)
                0x8001644c                __decrementer_init
 .text.c_decrementer_handler
                0x80016450        0xc C:/devkitPro/libogc/lib/wii\libogc.a(decrementer.o)
                0x80016450                c_decrementer_handler
 .text.__lwp_mqbox_init
                0x8001645c       0x14 C:/devkitPro/libogc/lib/wii\libogc.a(message.o)
                0x8001645c                __lwp_mqbox_init
 .text.__si_transfer
                0x80016470      0x1d0 C:/devkitPro/libogc/lib/wii\libogc.a(si.o)
 .text.__si_alarmhandler
                0x80016640       0xa0 C:/devkitPro/libogc/lib/wii\libogc.a(si.o)
 .text.__si_completetransfer
                0x800166e0      0x1fc C:/devkitPro/libogc/lib/wii\libogc.a(si.o)
 .text.__si_transfernext
                0x800168dc       0xd8 C:/devkitPro/libogc/lib/wii\libogc.a(si.o)
 .text.SI_Busy  0x800169b4       0x18 C:/devkitPro/libogc/lib/wii\libogc.a(si.o)
                0x800169b4                SI_Busy
 .text.SI_IsChanBusy
                0x800169cc       0x38 C:/devkitPro/libogc/lib/wii\libogc.a(si.o)
                0x800169cc                SI_IsChanBusy
 .text.SI_SetXY
                0x80016a04       0x64 C:/devkitPro/libogc/lib/wii\libogc.a(si.o)
                0x80016a04                SI_SetXY
 .text.SI_EnablePolling
                0x80016a68       0x78 C:/devkitPro/libogc/lib/wii\libogc.a(si.o)
                0x80016a68                SI_EnablePolling
 .text.SI_DisablePolling
                0x80016ae0       0x58 C:/devkitPro/libogc/lib/wii\libogc.a(si.o)
                0x80016ae0                SI_DisablePolling
 .text.SI_SetSamplingRate
                0x80016b38       0xd8 C:/devkitPro/libogc/lib/wii\libogc.a(si.o)
                0x80016b38                SI_SetSamplingRate
 .text.SI_RefreshSamplingRate
                0x80016c10        0x8 C:/devkitPro/libogc/lib/wii\libogc.a(si.o)
                0x80016c10                SI_RefreshSamplingRate
 .text.SI_GetStatus
                0x80016c18       0x78 C:/devkitPro/libogc/lib/wii\libogc.a(si.o)
                0x80016c18                SI_GetStatus
 .text.SI_GetResponseRaw
                0x80016c90       0xe8 C:/devkitPro/libogc/lib/wii\libogc.a(si.o)
                0x80016c90                SI_GetResponseRaw
 .text.SI_GetResponse
                0x80016d78       0xb8 C:/devkitPro/libogc/lib/wii\libogc.a(si.o)
                0x80016d78                SI_GetResponse
 .text.SI_SetCommand
                0x80016e30       0x10 C:/devkitPro/libogc/lib/wii\libogc.a(si.o)
                0x80016e30                SI_SetCommand
 .text.SI_Transfer
                0x80016e40      0x29c C:/devkitPro/libogc/lib/wii\libogc.a(si.o)
                0x80016e40                SI_Transfer
 .text.__si_gettypecallback
                0x800170dc      0x2b8 C:/devkitPro/libogc/lib/wii\libogc.a(si.o)
 .text.__si_interrupthandler
                0x80017394      0x278 C:/devkitPro/libogc/lib/wii\libogc.a(si.o)
 .text.SI_GetType
                0x8001760c      0x214 C:/devkitPro/libogc/lib/wii\libogc.a(si.o)
                0x8001760c                SI_GetType
 .text.SI_GetTypeAsync
                0x80017820      0x13c C:/devkitPro/libogc/lib/wii\libogc.a(si.o)
                0x80017820                SI_GetTypeAsync
 .text.SI_EnablePollingInterrupt
                0x8001795c       0x8c C:/devkitPro/libogc/lib/wii\libogc.a(si.o)
                0x8001795c                SI_EnablePollingInterrupt
 .text.SI_UnregisterPollingHandler
                0x800179e8       0xf4 C:/devkitPro/libogc/lib/wii\libogc.a(si.o)
                0x800179e8                SI_UnregisterPollingHandler
 .text.__si_init
                0x80017adc       0xe0 C:/devkitPro/libogc/lib/wii\libogc.a(si.o)
                0x80017adc                __si_init
 .text.__ipc_sendrequest.part.0
                0x80017bbc       0xd8 C:/devkitPro/libogc/lib/wii\libogc.a(ipc.o)
 .text.__ipc_syncrequest
                0x80017c94       0xf4 C:/devkitPro/libogc/lib/wii\libogc.a(ipc.o)
 .text.__ioctlvfmtCB
                0x80017d88      0x158 C:/devkitPro/libogc/lib/wii\libogc.a(ipc.o)
 .text.__ios_ioctlvformat_parse
                0x80017ee0      0x824 C:/devkitPro/libogc/lib/wii\libogc.a(ipc.o)
 .text.__ipc_asyncrequest
                0x80018704      0x144 C:/devkitPro/libogc/lib/wii\libogc.a(ipc.o)
 .text.__ipc_interrupthandler
                0x80018848      0x384 C:/devkitPro/libogc/lib/wii\libogc.a(ipc.o)
 .text.iosCreateHeap
                0x80018bcc      0x138 C:/devkitPro/libogc/lib/wii\libogc.a(ipc.o)
                0x80018bcc                iosCreateHeap
 .text.iosAlloc
                0x80018d04       0x30 C:/devkitPro/libogc/lib/wii\libogc.a(ipc.o)
                0x80018d04                iosAlloc
 .text.iosFree  0x80018d34       0x28 C:/devkitPro/libogc/lib/wii\libogc.a(ipc.o)
                0x80018d34                iosFree
 .text.__IPC_ClntInit
                0x80018d5c       0xc4 C:/devkitPro/libogc/lib/wii\libogc.a(ipc.o)
                0x80018d5c                __IPC_ClntInit
 .text.IOS_Open
                0x80018e20      0x110 C:/devkitPro/libogc/lib/wii\libogc.a(ipc.o)
                0x80018e20                IOS_Open
 .text.IOS_Close
                0x80018f30       0xf0 C:/devkitPro/libogc/lib/wii\libogc.a(ipc.o)
                0x80018f30                IOS_Close
 .text.IOS_Read
                0x80019020      0x10c C:/devkitPro/libogc/lib/wii\libogc.a(ipc.o)
                0x80019020                IOS_Read
 .text.IOS_Write
                0x8001912c      0x10c C:/devkitPro/libogc/lib/wii\libogc.a(ipc.o)
                0x8001912c                IOS_Write
 .text.IOS_Ioctl
                0x80019238      0x158 C:/devkitPro/libogc/lib/wii\libogc.a(ipc.o)
                0x80019238                IOS_Ioctl
 .text.IOS_IoctlAsync
                0x80019390      0x148 C:/devkitPro/libogc/lib/wii\libogc.a(ipc.o)
                0x80019390                IOS_IoctlAsync
 .text.IOS_Ioctlv
                0x800194d8      0x1f0 C:/devkitPro/libogc/lib/wii\libogc.a(ipc.o)
                0x800194d8                IOS_Ioctlv
 .text.IOS_IoctlvAsync
                0x800196c8      0x1d4 C:/devkitPro/libogc/lib/wii\libogc.a(ipc.o)
                0x800196c8                IOS_IoctlvAsync
 .text.IOS_IoctlvFormat
                0x8001989c      0x170 C:/devkitPro/libogc/lib/wii\libogc.a(ipc.o)
                0x8001989c                IOS_IoctlvFormat
 .text.IOS_IoctlvReboot
                0x80019a0c      0x1f4 C:/devkitPro/libogc/lib/wii\libogc.a(ipc.o)
                0x80019a0c                IOS_IoctlvReboot
 .text.gettick  0x80019c00        0x8 C:/devkitPro/libogc/lib/wii\libogc.a(timesupp.o)
                0x80019c00                gettick
 .text.gettime  0x80019c08       0x18 C:/devkitPro/libogc/lib/wii\libogc.a(timesupp.o)
                0x80019c08                gettime
 .text.settime  0x80019c20       0x14 C:/devkitPro/libogc/lib/wii\libogc.a(timesupp.o)
                0x80019c20                settime
 .text.diff_usec
                0x80019c34       0x90 C:/devkitPro/libogc/lib/wii\libogc.a(timesupp.o)
                0x80019c34                diff_usec
 .text.__timesystem_init
                0x80019cc4       0x1c C:/devkitPro/libogc/lib/wii\libogc.a(timesupp.o)
                0x80019cc4                __timesystem_init
 .text.udelay   0x80019ce0       0xb0 C:/devkitPro/libogc/lib/wii\libogc.a(timesupp.o)
                0x80019ce0                udelay
 .text.__libogc_nanosleep
                0x80019d90      0x144 C:/devkitPro/libogc/lib/wii\libogc.a(timesupp.o)
                0x80019d90                __libogc_nanosleep
 .text.__libogc_gettod_r
                0x80019ed4       0xd4 C:/devkitPro/libogc/lib/wii\libogc.a(timesupp.o)
                0x80019ed4                __libogc_gettod_r
 .text.__syscall_lock_init
                0x80019fa8       0x6c C:/devkitPro/libogc/lib/wii\libogc.a(lock_supp.o)
                0x80019fa8                __syscall_lock_init
 .text.__syscall_lock_init_recursive
                0x8001a014       0x6c C:/devkitPro/libogc/lib/wii\libogc.a(lock_supp.o)
                0x8001a014                __syscall_lock_init_recursive
 .text.__syscall_lock_close
                0x8001a080       0x48 C:/devkitPro/libogc/lib/wii\libogc.a(lock_supp.o)
                0x8001a080                __syscall_lock_close
 .text.__syscall_lock_acquire
                0x8001a0c8       0x18 C:/devkitPro/libogc/lib/wii\libogc.a(lock_supp.o)
                0x8001a0c8                __syscall_lock_acquire
 .text.__syscall_lock_release
                0x8001a0e0       0x18 C:/devkitPro/libogc/lib/wii\libogc.a(lock_supp.o)
                0x8001a0e0                __syscall_lock_release
 .text.__usbgecko_exi_unlock
                0x8001a0f8       0x34 C:/devkitPro/libogc/lib/wii\libogc.a(usbgecko.o)
 .text.usb_isgeckoalive
                0x8001a12c      0x1c4 C:/devkitPro/libogc/lib/wii\libogc.a(usbgecko.o)
                0x8001a12c                usb_isgeckoalive
 .text.usb_sendbuffer_ex
                0x8001a2f0      0x214 C:/devkitPro/libogc/lib/wii\libogc.a(usbgecko.o)
                0x8001a2f0                usb_sendbuffer_ex
 .text.usb_sendbuffer
                0x8001a504        0x8 C:/devkitPro/libogc/lib/wii\libogc.a(usbgecko.o)
                0x8001a504                usb_sendbuffer
 .text.usb_sendbuffer_safe_ex
                0x8001a50c      0x2ac C:/devkitPro/libogc/lib/wii\libogc.a(usbgecko.o)
                0x8001a50c                usb_sendbuffer_safe_ex
 .text.usb_sendbuffer_safe
                0x8001a7b8        0x8 C:/devkitPro/libogc/lib/wii\libogc.a(usbgecko.o)
                0x8001a7b8                usb_sendbuffer_safe
 .text._sbrk_r  0x8001a7c0      0x28c C:/devkitPro/libogc/lib/wii\libogc.a(sbrk.o)
                0x8001a7c0                _sbrk_r
 .text.__memlock_init
                0x8001aa4c       0x7c C:/devkitPro/libogc/lib/wii\libogc.a(malloc_lock.o)
                0x8001aa4c                __memlock_init
 .text.__libogc_malloc_lock
                0x8001aac8      0x1fc C:/devkitPro/libogc/lib/wii\libogc.a(malloc_lock.o)
                0x8001aac8                __libogc_malloc_lock
 .text.__libogc_malloc_unlock
                0x8001acc4       0x64 C:/devkitPro/libogc/lib/wii\libogc.a(malloc_lock.o)
                0x8001acc4                __libogc_malloc_unlock
 .text.__STM_SetEventHook
                0x8001ad28       0xb0 C:/devkitPro/libogc/lib/wii\libogc.a(stm.o)
                0x8001ad28                __STM_SetEventHook
 .text.__STM_Init
                0x8001add8       0x8c C:/devkitPro/libogc/lib/wii\libogc.a(stm.o)
                0x8001add8                __STM_Init
 .text.__STMEventHandler
                0x8001ae64       0x64 C:/devkitPro/libogc/lib/wii\libogc.a(stm.o)
 .text.__STM_ReleaseEventHook
                0x8001aec8       0x80 C:/devkitPro/libogc/lib/wii\libogc.a(stm.o)
                0x8001aec8                __STM_ReleaseEventHook
 .text.__STM_Close
                0x8001af48       0xa8 C:/devkitPro/libogc/lib/wii\libogc.a(stm.o)
                0x8001af48                __STM_Close
 .text.STM_RegisterEventHandler
                0x8001aff0       0x10 C:/devkitPro/libogc/lib/wii\libogc.a(stm.o)
                0x8001aff0                STM_RegisterEventHandler
 .text.STM_ShutdownToStandby
                0x8001b000       0x50 C:/devkitPro/libogc/lib/wii\libogc.a(stm.o)
                0x8001b000                STM_ShutdownToStandby
 .text.STM_ShutdownToIdle
                0x8001b050       0x70 C:/devkitPro/libogc/lib/wii\libogc.a(stm.o)
                0x8001b050                STM_ShutdownToIdle
 .text.STM_SetLedMode
                0x8001b0c0       0x40 C:/devkitPro/libogc/lib/wii\libogc.a(stm.o)
                0x8001b0c0                STM_SetLedMode
 .text.STM_RebootSystem
                0x8001b100       0x50 C:/devkitPro/libogc/lib/wii\libogc.a(stm.o)
                0x8001b100                STM_RebootSystem
 .text.__IOS_InitializeSubsystems
                0x8001b150       0x48 C:/devkitPro/libogc/lib/wii\libogc.a(ios.o)
                0x8001b150                __IOS_InitializeSubsystems
 .text.__IOS_ShutdownSubsystems
                0x8001b198       0x48 C:/devkitPro/libogc/lib/wii\libogc.a(ios.o)
                0x8001b198                __IOS_ShutdownSubsystems
 .text.__IOS_LoadStartupIOS
                0x8001b1e0        0x8 C:/devkitPro/libogc/lib/wii\libogc.a(ios.o)
                0x8001b1e0                __IOS_LoadStartupIOS
 .text._ES_fstat_r
                0x8001b1e8      0x124 C:/devkitPro/libogc/lib/wii\libogc.a(es.o)
 .text._ES_seek_r
                0x8001b30c       0xe0 C:/devkitPro/libogc/lib/wii\libogc.a(es.o)
 .text._ES_close_r
                0x8001b3ec       0xb4 C:/devkitPro/libogc/lib/wii\libogc.a(es.o)
 .text.__ES_Init
                0x8001b4a0       0x78 C:/devkitPro/libogc/lib/wii\libogc.a(es.o)
                0x8001b4a0                __ES_Init
 .text.__ES_Close
                0x8001b518       0x54 C:/devkitPro/libogc/lib/wii\libogc.a(es.o)
                0x8001b518                __ES_Close
 .text.ES_GetTitleID
                0x8001b56c       0x94 C:/devkitPro/libogc/lib/wii\libogc.a(es.o)
                0x8001b56c                ES_GetTitleID
 .text.ES_LaunchTitle
                0x8001b600       0xa4 C:/devkitPro/libogc/lib/wii\libogc.a(es.o)
                0x8001b600                ES_LaunchTitle
 .text.ES_GetNumTicketViews
                0x8001b6a4       0x98 C:/devkitPro/libogc/lib/wii\libogc.a(es.o)
                0x8001b6a4                ES_GetNumTicketViews
 .text.ES_GetTicketViews
                0x8001b73c       0x8c C:/devkitPro/libogc/lib/wii\libogc.a(es.o)
                0x8001b73c                ES_GetTicketViews
 .text.ES_GetStoredTMD
                0x8001b7c8       0x90 C:/devkitPro/libogc/lib/wii\libogc.a(es.o)
                0x8001b7c8                ES_GetStoredTMD
 .text._ES_decodepath
                0x8001b858      0x410 C:/devkitPro/libogc/lib/wii\libogc.a(es.o)
 .text._ES_stat_r
                0x8001bc68       0xf0 C:/devkitPro/libogc/lib/wii\libogc.a(es.o)
 .text._ES_open_r
                0x8001bd58      0x1cc C:/devkitPro/libogc/lib/wii\libogc.a(es.o)
 .text.ES_ReadContent
                0x8001bf24       0x6c C:/devkitPro/libogc/lib/wii\libogc.a(es.o)
                0x8001bf24                ES_ReadContent
 .text._ES_read_r
                0x8001bf90      0x1a4 C:/devkitPro/libogc/lib/wii\libogc.a(es.o)
 .text.__usbv5_devicechangeCB
                0x8001c134      0x180 C:/devkitPro/libogc/lib/wii\libogc.a(usb.o)
 .text.__usbv5_attachfinishCB
                0x8001c2b4       0xcc C:/devkitPro/libogc/lib/wii\libogc.a(usb.o)
 .text.__usbv5_messageCB
                0x8001c380       0x5c C:/devkitPro/libogc/lib/wii\libogc.a(usb.o)
 .text.__usb_control_message
                0x8001c3dc      0x470 C:/devkitPro/libogc/lib/wii\libogc.a(usb.o)
 .text.__usb_interrupt_bulk_message
                0x8001c84c      0x2b4 C:/devkitPro/libogc/lib/wii\libogc.a(usb.o)
 .text.__usbv0_messageCB
                0x8001cb00       0xa8 C:/devkitPro/libogc/lib/wii\libogc.a(usb.o)
 .text.USB_FreeDescriptors.part.0
                0x8001cba8      0x108 C:/devkitPro/libogc/lib/wii\libogc.a(usb.o)
 .text.USB_GetDescriptors.part.0
                0x8001ccb0      0x69c C:/devkitPro/libogc/lib/wii\libogc.a(usb.o)
 .text.USB5_RegisterDeviceRemoval
                0x8001d34c       0xe8 C:/devkitPro/libogc/lib/wii\libogc.a(usb.o)
 .text.USBV5_SuspendResume
                0x8001d434      0x13c C:/devkitPro/libogc/lib/wii\libogc.a(usb.o)
 .text.USBV5_GetDescriptors
                0x8001d570      0x50c C:/devkitPro/libogc/lib/wii\libogc.a(usb.o)
 .text.USB_Deinitialize
                0x8001da7c       0xc8 C:/devkitPro/libogc/lib/wii\libogc.a(usb.o)
                0x8001da7c                USB_Deinitialize
 .text.USB_Initialize
                0x8001db44      0x31c C:/devkitPro/libogc/lib/wii\libogc.a(usb.o)
                0x8001db44                USB_Initialize
 .text.USB_OpenDevice
                0x8001de60      0x2f0 C:/devkitPro/libogc/lib/wii\libogc.a(usb.o)
                0x8001de60                USB_OpenDevice
 .text.USBV5_CloseDevice
                0x8001e150      0x128 C:/devkitPro/libogc/lib/wii\libogc.a(usb.o)
                0x8001e150                USBV5_CloseDevice
 .text.USB_CloseDevice
                0x8001e278       0x84 C:/devkitPro/libogc/lib/wii\libogc.a(usb.o)
                0x8001e278                USB_CloseDevice
 .text.USB_GetDescriptors
                0x8001e2fc       0x40 C:/devkitPro/libogc/lib/wii\libogc.a(usb.o)
                0x8001e2fc                USB_GetDescriptors
 .text.USB_FreeDescriptors
                0x8001e33c       0x10 C:/devkitPro/libogc/lib/wii\libogc.a(usb.o)
                0x8001e33c                USB_FreeDescriptors
 .text.USB_ReadIntrMsg
                0x8001e34c       0x20 C:/devkitPro/libogc/lib/wii\libogc.a(usb.o)
                0x8001e34c                USB_ReadIntrMsg
 .text.USB_WriteBlkMsgAsync
                0x8001e36c       0x28 C:/devkitPro/libogc/lib/wii\libogc.a(usb.o)
                0x8001e36c                USB_WriteBlkMsgAsync
 .text.USB_WriteCtrlMsg
                0x8001e394       0x2c C:/devkitPro/libogc/lib/wii\libogc.a(usb.o)
                0x8001e394                USB_WriteCtrlMsg
 .text.USB_WriteCtrlMsgAsync
                0x8001e3c0        0x4 C:/devkitPro/libogc/lib/wii\libogc.a(usb.o)
                0x8001e3c0                USB_WriteCtrlMsgAsync
 .text.USB_DeviceRemovalNotifyAsync
                0x8001e3c4       0xac C:/devkitPro/libogc/lib/wii\libogc.a(usb.o)
                0x8001e3c4                USB_DeviceRemovalNotifyAsync
 .text.USB_ResumeDevice
                0x8001e470       0x2c C:/devkitPro/libogc/lib/wii\libogc.a(usb.o)
                0x8001e470                USB_ResumeDevice
 .text.USB_GetDeviceList
                0x8001e49c      0x2b0 C:/devkitPro/libogc/lib/wii\libogc.a(usb.o)
                0x8001e49c                USB_GetDeviceList
 .text.USB_SetConfiguration
                0x8001e74c       0x40 C:/devkitPro/libogc/lib/wii\libogc.a(usb.o)
                0x8001e74c                USB_SetConfiguration
 .text.USB_GetConfiguration
                0x8001e78c       0xb4 C:/devkitPro/libogc/lib/wii\libogc.a(usb.o)
                0x8001e78c                USB_GetConfiguration
 .text.USB_SetAlternativeInterface
                0x8001e840       0x40 C:/devkitPro/libogc/lib/wii\libogc.a(usb.o)
                0x8001e840                USB_SetAlternativeInterface
 .text.USB_ClearHalt
                0x8001e880      0x1d0 C:/devkitPro/libogc/lib/wii\libogc.a(usb.o)
                0x8001e880                USB_ClearHalt
 .text.__gcsda_clearStatus
                0x8001ea50        0x8 C:/devkitPro/libogc/lib/wii\libogc.a(gcsd.o)
 .text.__gcsda_shutdown
                0x8001ea58       0x28 C:/devkitPro/libogc/lib/wii\libogc.a(gcsd.o)
 .text.__gcsdb_shutdown
                0x8001ea80       0x28 C:/devkitPro/libogc/lib/wii\libogc.a(gcsd.o)
 .text.__gcsda_writeSectors
                0x8001eaa8       0x3c C:/devkitPro/libogc/lib/wii\libogc.a(gcsd.o)
 .text.__gcsdb_writeSectors
                0x8001eae4       0x3c C:/devkitPro/libogc/lib/wii\libogc.a(gcsd.o)
 .text.__gcsda_readSectors
                0x8001eb20       0x3c C:/devkitPro/libogc/lib/wii\libogc.a(gcsd.o)
 .text.__gcsdb_readSectors
                0x8001eb5c       0x3c C:/devkitPro/libogc/lib/wii\libogc.a(gcsd.o)
 .text.__gcsda_isInserted
                0x8001eb98       0x2c C:/devkitPro/libogc/lib/wii\libogc.a(gcsd.o)
 .text.__gcsdb_isInserted
                0x8001ebc4       0x2c C:/devkitPro/libogc/lib/wii\libogc.a(gcsd.o)
 .text.__gcsdb_clearStatus
                0x8001ebf0        0x8 C:/devkitPro/libogc/lib/wii\libogc.a(gcsd.o)
 .text.__gcsda_startup
                0x8001ebf8       0x68 C:/devkitPro/libogc/lib/wii\libogc.a(gcsd.o)
 .text.__gcsdb_startup
                0x8001ec60       0x68 C:/devkitPro/libogc/lib/wii\libogc.a(gcsd.o)
 .text.__CheckARGV
                0x8001ecc8       0x80 C:/devkitPro/libogc/lib/wii\libogc.a(argv.o)
                0x8001ecc8                __CheckARGV
 .text.sdio_ClearStatus
                0x8001ed48        0x8 C:/devkitPro/libogc/lib/wii\libogc.a(wiisd.o)
 .text.__sdio_sendcommand
                0x8001ed50      0x118 C:/devkitPro/libogc/lib/wii\libogc.a(wiisd.o)
 .text.__sdio_waithcr
                0x8001ee68      0x148 C:/devkitPro/libogc/lib/wii\libogc.a(wiisd.o)
 .text.sdio_IsInserted
                0x8001efb0       0x58 C:/devkitPro/libogc/lib/wii\libogc.a(wiisd.o)
 .text.sdio_Shutdown
                0x8001f008       0x80 C:/devkitPro/libogc/lib/wii\libogc.a(wiisd.o)
 .text.sdio_WriteSectors
                0x8001f088      0x1d4 C:/devkitPro/libogc/lib/wii\libogc.a(wiisd.o)
 .text.sdio_ReadSectors
                0x8001f25c      0x1d4 C:/devkitPro/libogc/lib/wii\libogc.a(wiisd.o)
 .text.__sd0_deselect.isra.0
                0x8001f430       0xdc C:/devkitPro/libogc/lib/wii\libogc.a(wiisd.o)
 .text.sdio_Startup
                0x8001f50c      0x8bc C:/devkitPro/libogc/lib/wii\libogc.a(wiisd.o)
 .text.CONF_Init
                0x8001fdc8      0x18c C:/devkitPro/libogc/lib/wii\libogc.a(conf.o)
                0x8001fdc8                CONF_Init
 .text.__CONF_GetTxt
                0x8001ff54      0x1d0 C:/devkitPro/libogc/lib/wii\libogc.a(conf.o)
                0x8001ff54                __CONF_GetTxt
 .text.__CONF_Find
                0x80020124       0xd8 C:/devkitPro/libogc/lib/wii\libogc.a(conf.o)
                0x80020124                __CONF_Find
 .text.CONF_GetLength
                0x800201fc      0x120 C:/devkitPro/libogc/lib/wii\libogc.a(conf.o)
                0x800201fc                CONF_GetLength
 .text.CONF_Get
                0x8002031c      0x140 C:/devkitPro/libogc/lib/wii\libogc.a(conf.o)
                0x8002031c                CONF_Get
 .text.CONF_GetShutdownMode
                0x8002045c       0x54 C:/devkitPro/libogc/lib/wii\libogc.a(conf.o)
                0x8002045c                CONF_GetShutdownMode
 .text.CONF_GetIdleLedMode
                0x800204b0       0x54 C:/devkitPro/libogc/lib/wii\libogc.a(conf.o)
                0x800204b0                CONF_GetIdleLedMode
 .text.CONF_GetProgressiveScan
                0x80020504       0x54 C:/devkitPro/libogc/lib/wii\libogc.a(conf.o)
                0x80020504                CONF_GetProgressiveScan
 .text.CONF_GetEuRGB60
                0x80020558       0x54 C:/devkitPro/libogc/lib/wii\libogc.a(conf.o)
                0x80020558                CONF_GetEuRGB60
 .text.CONF_GetLanguage
                0x800205ac       0x54 C:/devkitPro/libogc/lib/wii\libogc.a(conf.o)
                0x800205ac                CONF_GetLanguage
 .text.CONF_GetCounterBias
                0x80020600       0x4c C:/devkitPro/libogc/lib/wii\libogc.a(conf.o)
                0x80020600                CONF_GetCounterBias
 .text.CONF_GetDisplayOffsetH
                0x8002064c       0x4c C:/devkitPro/libogc/lib/wii\libogc.a(conf.o)
                0x8002064c                CONF_GetDisplayOffsetH
 .text.CONF_GetVideo
                0x80020698       0x88 C:/devkitPro/libogc/lib/wii\libogc.a(conf.o)
                0x80020698                CONF_GetVideo
 .text.__usb_deviceremoved_cb
                0x80020720       0x10 C:/devkitPro/libogc/lib/wii\libogc.a(usbstorage.o)
 .text.__usbstorage_ClearStatus
                0x80020730        0x8 C:/devkitPro/libogc/lib/wii\libogc.a(usbstorage.o)
 .text.__usb_blkmsg_cb
                0x80020738       0x34 C:/devkitPro/libogc/lib/wii\libogc.a(usbstorage.o)
 .text.__usb_timeouthandler
                0x8002076c       0x10 C:/devkitPro/libogc/lib/wii\libogc.a(usbstorage.o)
 .text.__USB_BlkMsgTimeout
                0x8002077c       0xf0 C:/devkitPro/libogc/lib/wii\libogc.a(usbstorage.o)
 .text.__send_cbw
                0x8002086c      0x184 C:/devkitPro/libogc/lib/wii\libogc.a(usbstorage.o)
 .text.__read_csw
                0x800209f0      0x10c C:/devkitPro/libogc/lib/wii\libogc.a(usbstorage.o)
 .text.__usbstorage_reset
                0x80020afc      0x108 C:/devkitPro/libogc/lib/wii\libogc.a(usbstorage.o)
 .text.__cycle.constprop.0
                0x80020c04      0x2fc C:/devkitPro/libogc/lib/wii\libogc.a(usbstorage.o)
 .text.__usbstorage_clearerrors
                0x80020f00      0x110 C:/devkitPro/libogc/lib/wii\libogc.a(usbstorage.o)
 .text.USBStorage_Initialize
                0x80021010      0x114 C:/devkitPro/libogc/lib/wii\libogc.a(usbstorage.o)
                0x80021010                USBStorage_Initialize
 .text.__usbstorage_Startup
                0x80021124       0x50 C:/devkitPro/libogc/lib/wii\libogc.a(usbstorage.o)
 .text.USBStorage_Close
                0x80021174       0xa8 C:/devkitPro/libogc/lib/wii\libogc.a(usbstorage.o)
                0x80021174                USBStorage_Close
 .text.__usbstorage_Shutdown
                0x8002121c       0x4c C:/devkitPro/libogc/lib/wii\libogc.a(usbstorage.o)
 .text.USBStorage_Open
                0x80021268      0x500 C:/devkitPro/libogc/lib/wii\libogc.a(usbstorage.o)
                0x80021268                USBStorage_Open
 .text.USBStorage_Inquiry
                0x80021768       0xc8 C:/devkitPro/libogc/lib/wii\libogc.a(usbstorage.o)
                0x80021768                USBStorage_Inquiry
 .text.USBStorage_ReadCapacity
                0x80021830       0xa8 C:/devkitPro/libogc/lib/wii\libogc.a(usbstorage.o)
                0x80021830                USBStorage_ReadCapacity
 .text.USBStorage_MountLUN
                0x800218d8       0xe8 C:/devkitPro/libogc/lib/wii\libogc.a(usbstorage.o)
                0x800218d8                USBStorage_MountLUN
 .text.__usbstorage_IsInserted
                0x800219c0      0x3f0 C:/devkitPro/libogc/lib/wii\libogc.a(usbstorage.o)
 .text.USBStorage_Read
                0x80021db0      0x13c C:/devkitPro/libogc/lib/wii\libogc.a(usbstorage.o)
                0x80021db0                USBStorage_Read
 .text.__usbstorage_ReadSectors
                0x80021eec       0x5c C:/devkitPro/libogc/lib/wii\libogc.a(usbstorage.o)
 .text.USBStorage_Write
                0x80021f48      0x13c C:/devkitPro/libogc/lib/wii\libogc.a(usbstorage.o)
                0x80021f48                USBStorage_Write
 .text.__usbstorage_WriteSectors
                0x80022084       0x5c C:/devkitPro/libogc/lib/wii\libogc.a(usbstorage.o)
 .text.__WII_WriteNANDBootInfo.isra.0
                0x800220e0       0xc0 C:/devkitPro/libogc/lib/wii\libogc.a(wiilaunch.o)
 .text.__WII_WriteStateFlags.isra.0
                0x800221a0       0x98 C:/devkitPro/libogc/lib/wii\libogc.a(wiilaunch.o)
 .text.WII_Initialize
                0x80022238      0x194 C:/devkitPro/libogc/lib/wii\libogc.a(wiilaunch.o)
                0x80022238                WII_Initialize
 .text.WII_LaunchTitle
                0x800223cc      0x1c0 C:/devkitPro/libogc/lib/wii\libogc.a(wiilaunch.o)
                0x800223cc                WII_LaunchTitle
 .text.WII_ReturnToMenu
                0x8002258c       0x58 C:/devkitPro/libogc/lib/wii\libogc.a(wiilaunch.o)
                0x8002258c                WII_ReturnToMenu
 .text.__lwp_priority_init
                0x800225e4       0x1c C:/devkitPro/libogc/lib/wii\libogc.a(lwp_priority.o)
                0x800225e4                __lwp_priority_init
 .text.__lwp_threadqueue_enqueuefifo
                0x80022600      0x128 C:/devkitPro/libogc/lib/wii\libogc.a(lwp_threadq.o)
                0x80022600                __lwp_threadqueue_enqueuefifo
 .text.__lwp_threadqueue_dequeuefifo
                0x80022728      0x140 C:/devkitPro/libogc/lib/wii\libogc.a(lwp_threadq.o)
                0x80022728                __lwp_threadqueue_dequeuefifo
 .text.__lwp_threadqueue_enqueuepriority
                0x80022868      0x344 C:/devkitPro/libogc/lib/wii\libogc.a(lwp_threadq.o)
                0x80022868                __lwp_threadqueue_enqueuepriority
 .text.__lwp_threadqueue_dequeuepriority
                0x80022bac      0x1d8 C:/devkitPro/libogc/lib/wii\libogc.a(lwp_threadq.o)
                0x80022bac                __lwp_threadqueue_dequeuepriority
 .text.__lwp_threadqueue_init
                0x80022d84       0x64 C:/devkitPro/libogc/lib/wii\libogc.a(lwp_threadq.o)
                0x80022d84                __lwp_threadqueue_init
 .text.__lwp_threadqueue_enqueue
                0x80022de8      0x138 C:/devkitPro/libogc/lib/wii\libogc.a(lwp_threadq.o)
                0x80022de8                __lwp_threadqueue_enqueue
 .text.__lwp_threadqueue_dequeue
                0x80022f20       0x24 C:/devkitPro/libogc/lib/wii\libogc.a(lwp_threadq.o)
                0x80022f20                __lwp_threadqueue_dequeue
 .text.__lwp_threadqueue_flush
                0x80022f44       0x68 C:/devkitPro/libogc/lib/wii\libogc.a(lwp_threadq.o)
                0x80022f44                __lwp_threadqueue_flush
 .text.__lwp_threadqueue_extractfifo
                0x80022fac       0xe0 C:/devkitPro/libogc/lib/wii\libogc.a(lwp_threadq.o)
                0x80022fac                __lwp_threadqueue_extractfifo
 .text.__lwp_threadqueue_extractpriority
                0x8002308c      0x140 C:/devkitPro/libogc/lib/wii\libogc.a(lwp_threadq.o)
                0x8002308c                __lwp_threadqueue_extractpriority
 .text.__lwp_threadqueue_timeout
                0x800231cc       0xd0 C:/devkitPro/libogc/lib/wii\libogc.a(lwp_threadq.o)
 .text.__lwp_threadqueue_extractproxy
                0x8002329c       0x64 C:/devkitPro/libogc/lib/wii\libogc.a(lwp_threadq.o)
                0x8002329c                __lwp_threadqueue_extractproxy
 .text.__syscall_getreent
                0x80023300       0x24 C:/devkitPro/libogc/lib/wii\libogc.a(lwp_threads.o)
                0x80023300                __syscall_getreent
 .text.__lwp_isr_in_progress
                0x80023324        0x8 C:/devkitPro/libogc/lib/wii\libogc.a(lwp_threads.o)
                0x80023324                __lwp_isr_in_progress
 .text.__thread_dispatch_fp
                0x8002332c       0x88 C:/devkitPro/libogc/lib/wii\libogc.a(lwp_threads.o)
                0x8002332c                __thread_dispatch_fp
 .text.__thread_dispatch
                0x800233b4       0xf4 C:/devkitPro/libogc/lib/wii\libogc.a(lwp_threads.o)
                0x800233b4                __thread_dispatch
 .text.__lwp_thread_resettimeslice
                0x800234a8       0xb4 C:/devkitPro/libogc/lib/wii\libogc.a(lwp_threads.o)
                0x800234a8                __lwp_thread_resettimeslice
 .text.__lwp_thread_tickle_timeslice
                0x8002355c       0xc8 C:/devkitPro/libogc/lib/wii\libogc.a(lwp_threads.o)
                0x8002355c                __lwp_thread_tickle_timeslice
 .text.__lwp_thread_setstate
                0x80023624      0x16c C:/devkitPro/libogc/lib/wii\libogc.a(lwp_threads.o)
                0x80023624                __lwp_thread_setstate
 .text.__lwp_thread_clearstate
                0x80023790       0xe4 C:/devkitPro/libogc/lib/wii\libogc.a(lwp_threads.o)
                0x80023790                __lwp_thread_clearstate
 .text.__lwp_thread_delayended
                0x80023874       0x48 C:/devkitPro/libogc/lib/wii\libogc.a(lwp_threads.o)
                0x80023874                __lwp_thread_delayended
 .text.__lwp_thread_settransient
                0x800238bc       0xb4 C:/devkitPro/libogc/lib/wii\libogc.a(lwp_threads.o)
                0x800238bc                __lwp_thread_settransient
 .text.__lwp_thread_changepriority
                0x80023970      0x1f8 C:/devkitPro/libogc/lib/wii\libogc.a(lwp_threads.o)
                0x80023970                __lwp_thread_changepriority
 .text.__lwp_thread_ready
                0x80023b68       0xf0 C:/devkitPro/libogc/lib/wii\libogc.a(lwp_threads.o)
                0x80023b68                __lwp_thread_ready
 .text.__lwp_thread_init
                0x80023c58      0x160 C:/devkitPro/libogc/lib/wii\libogc.a(lwp_threads.o)
                0x80023c58                __lwp_thread_init
 .text.__lwp_thread_close
                0x80023db8      0x144 C:/devkitPro/libogc/lib/wii\libogc.a(lwp_threads.o)
                0x80023db8                __lwp_thread_close
 .text.__lwp_thread_handler
                0x80023efc       0xc0 C:/devkitPro/libogc/lib/wii\libogc.a(lwp_threads.o)
 .text.__lwp_thread_closeall
                0x80023fbc       0xb4 C:/devkitPro/libogc/lib/wii\libogc.a(lwp_threads.o)
                0x80023fbc                __lwp_thread_closeall
 .text.__lwp_thread_start
                0x80024070      0x13c C:/devkitPro/libogc/lib/wii\libogc.a(lwp_threads.o)
                0x80024070                __lwp_thread_start
 .text.__lwp_thread_startmultitasking
                0x800241ac       0xac C:/devkitPro/libogc/lib/wii\libogc.a(lwp_threads.o)
                0x800241ac                __lwp_thread_startmultitasking
 .text.__lwp_thread_stopmultitasking
                0x80024258       0x58 C:/devkitPro/libogc/lib/wii\libogc.a(lwp_threads.o)
                0x80024258                __lwp_thread_stopmultitasking
 .text.__lwp_thread_coreinit
                0x800242b0       0xc8 C:/devkitPro/libogc/lib/wii\libogc.a(lwp_threads.o)
                0x800242b0                __lwp_thread_coreinit
 .text.__lwp_stack_allocate
                0x80024378       0x60 C:/devkitPro/libogc/lib/wii\libogc.a(lwp_stack.o)
                0x80024378                __lwp_stack_allocate
 .text.__lwp_stack_free
                0x800243d8       0x1c C:/devkitPro/libogc/lib/wii\libogc.a(lwp_stack.o)
                0x800243d8                __lwp_stack_free
 .text.__lwp_mutex_initialize
                0x800243f4       0xa4 C:/devkitPro/libogc/lib/wii\libogc.a(lwp_mutex.o)
                0x800243f4                __lwp_mutex_initialize
 .text.__lwp_mutex_surrender
                0x80024498      0x164 C:/devkitPro/libogc/lib/wii\libogc.a(lwp_mutex.o)
                0x80024498                __lwp_mutex_surrender
 .text.__lwp_mutex_seize_irq_blocking
                0x800245fc       0xf8 C:/devkitPro/libogc/lib/wii\libogc.a(lwp_mutex.o)
                0x800245fc                __lwp_mutex_seize_irq_blocking
 .text.__lwp_mutex_flush
                0x800246f4        0x4 C:/devkitPro/libogc/lib/wii\libogc.a(lwp_mutex.o)
                0x800246f4                __lwp_mutex_flush
 .text.__lwp_wd_settimer
                0x800246f8       0xdc C:/devkitPro/libogc/lib/wii\libogc.a(lwp_watchdog.o)
 .text.__lwp_watchdog_init
                0x800247d4       0x2c C:/devkitPro/libogc/lib/wii\libogc.a(lwp_watchdog.o)
                0x800247d4                __lwp_watchdog_init
 .text.__lwp_wd_insert
                0x80024800      0x19c C:/devkitPro/libogc/lib/wii\libogc.a(lwp_watchdog.o)
                0x80024800                __lwp_wd_insert
 .text.__lwp_wd_remove
                0x8002499c      0x134 C:/devkitPro/libogc/lib/wii\libogc.a(lwp_watchdog.o)
                0x8002499c                __lwp_wd_remove
 .text.__lwp_wd_tickle
                0x80024ad0      0x120 C:/devkitPro/libogc/lib/wii\libogc.a(lwp_watchdog.o)
                0x80024ad0                __lwp_wd_tickle
 .text.__lwp_wkspace_init
                0x80024bf0       0xc0 C:/devkitPro/libogc/lib/wii\libogc.a(lwp_wkspace.o)
                0x80024bf0                __lwp_wkspace_init
 .text.__systemcall_init
                0x80024cb0       0x6c C:/devkitPro/libogc/lib/wii\libogc.a(exception.o)
                0x80024cb0                __systemcall_init
 .text.__exception_init
                0x80024d1c      0x128 C:/devkitPro/libogc/lib/wii\libogc.a(exception.o)
                0x80024d1c                __exception_init
 .text.__exception_close
                0x80024e44       0xa4 C:/devkitPro/libogc/lib/wii\libogc.a(exception.o)
                0x80024e44                __exception_close
 .text.__exception_closeall
                0x80024ee8       0x80 C:/devkitPro/libogc/lib/wii\libogc.a(exception.o)
                0x80024ee8                __exception_closeall
 .text.c_default_exceptionhandler
                0x80024f68      0x484 C:/devkitPro/libogc/lib/wii\libogc.a(exception.o)
                0x80024f68                c_default_exceptionhandler
 .text.__SetInterrupts
                0x800253ec      0x268 C:/devkitPro/libogc/lib/wii\libogc.a(irq.o)
 .text.c_irqdispatcher
                0x80025654      0x26c C:/devkitPro/libogc/lib/wii\libogc.a(irq.o)
                0x80025654                c_irqdispatcher
 .text.__UnmaskIrq
                0x800258c0       0x84 C:/devkitPro/libogc/lib/wii\libogc.a(irq.o)
                0x800258c0                __UnmaskIrq
 .text.__MaskIrq
                0x80025944       0x84 C:/devkitPro/libogc/lib/wii\libogc.a(irq.o)
                0x80025944                __MaskIrq
 .text.__irq_init
                0x800259c8       0x84 C:/devkitPro/libogc/lib/wii\libogc.a(irq.o)
                0x800259c8                __irq_init
 .text.IRQ_Request
                0x80025a4c       0x50 C:/devkitPro/libogc/lib/wii\libogc.a(irq.o)
                0x80025a4c                IRQ_Request
 .text.IRQ_GetHandler
                0x80025a9c       0x44 C:/devkitPro/libogc/lib/wii\libogc.a(irq.o)
                0x80025a9c                IRQ_GetHandler
 .text.__lwp_sema_init
                0x80025ae0       0x14 C:/devkitPro/libogc/lib/wii\libogc.a(semaphore.o)
                0x80025ae0                __lwp_sema_init
 .text.SPEC1_MakeStatus
                0x80025af4      0x104 C:/devkitPro/libogc/lib/wii\libogc.a(pad.o)
 .text.__pad_samplinghandler
                0x80025bf8        0x4 C:/devkitPro/libogc/lib/wii\libogc.a(pad.o)
 .text.__pad_doreset
                0x80025bfc       0x50 C:/devkitPro/libogc/lib/wii\libogc.a(pad.o)
 .text.__pad_updateorigin
                0x80025c4c       0x94 C:/devkitPro/libogc/lib/wii\libogc.a(pad.o)
 .text.__pad_disable
                0x80025ce0       0xbc C:/devkitPro/libogc/lib/wii\libogc.a(pad.o)
 .text.__pad_receivecheckcallback
                0x80025d9c       0x74 C:/devkitPro/libogc/lib/wii\libogc.a(pad.o)
 .text.__pad_typeandstatuscallback
                0x80025e10      0x1b4 C:/devkitPro/libogc/lib/wii\libogc.a(pad.o)
 .text.__pad_originupdatecallback
                0x80025fc4       0x2c C:/devkitPro/libogc/lib/wii\libogc.a(pad.o)
 .text.SPEC2_MakeStatus
                0x80025ff0      0x220 C:/devkitPro/libogc/lib/wii\libogc.a(pad.o)
 .text.__pad_onreset
                0x80026210      0x10c C:/devkitPro/libogc/lib/wii\libogc.a(pad.o)
 .text.__pad_origincallback
                0x8002631c       0x74 C:/devkitPro/libogc/lib/wii\libogc.a(pad.o)
 .text.__pad_probecallback
                0x80026390       0x84 C:/devkitPro/libogc/lib/wii\libogc.a(pad.o)
 .text.__PADDisableRecalibration
                0x80026414       0x60 C:/devkitPro/libogc/lib/wii\libogc.a(pad.o)
                0x80026414                __PADDisableRecalibration
 .text.PAD_Reset
                0x80026474       0xf0 C:/devkitPro/libogc/lib/wii\libogc.a(pad.o)
                0x80026474                PAD_Reset
 .text.PAD_Read
                0x80026564      0x2cc C:/devkitPro/libogc/lib/wii\libogc.a(pad.o)
                0x80026564                PAD_Read
 .text.PAD_Init
                0x80026830       0xf8 C:/devkitPro/libogc/lib/wii\libogc.a(pad.o)
                0x80026830                PAD_Init
 .text.PAD_ScanPads
                0x80026928      0x13c C:/devkitPro/libogc/lib/wii\libogc.a(pad.o)
                0x80026928                PAD_ScanPads
 .text.PAD_ButtonsDown
                0x80026a64       0x40 C:/devkitPro/libogc/lib/wii\libogc.a(pad.o)
                0x80026a64                PAD_ButtonsDown
 .text.__exi_irq_handler
                0x80026aa4       0x58 C:/devkitPro/libogc/lib/wii\libogc.a(exi.o)
 .text.__ext_irq_handler
                0x80026afc       0xc8 C:/devkitPro/libogc/lib/wii\libogc.a(exi.o)
 .text.__tc_irq_handler
                0x80026bc4      0x174 C:/devkitPro/libogc/lib/wii\libogc.a(exi.o)
 .text.__exi_probe
                0x80026d38      0x208 C:/devkitPro/libogc/lib/wii\libogc.a(exi.o)
 .text.__exi_attach
                0x80026f40      0x114 C:/devkitPro/libogc/lib/wii\libogc.a(exi.o)
 .text.EXI_Lock
                0x80027054      0x258 C:/devkitPro/libogc/lib/wii\libogc.a(exi.o)
                0x80027054                EXI_Lock
 .text.EXI_Unlock
                0x800272ac      0x2b0 C:/devkitPro/libogc/lib/wii\libogc.a(exi.o)
                0x800272ac                EXI_Unlock
 .text.EXI_Select
                0x8002755c      0x22c C:/devkitPro/libogc/lib/wii\libogc.a(exi.o)
                0x8002755c                EXI_Select
 .text.EXI_Deselect
                0x80027788      0x16c C:/devkitPro/libogc/lib/wii\libogc.a(exi.o)
                0x80027788                EXI_Deselect
 .text.EXI_Sync
                0x800278f4      0x108 C:/devkitPro/libogc/lib/wii\libogc.a(exi.o)
                0x800278f4                EXI_Sync
 .text.EXI_Imm  0x800279fc      0x1ec C:/devkitPro/libogc/lib/wii\libogc.a(exi.o)
                0x800279fc                EXI_Imm
 .text.EXI_ImmEx
                0x80027be8       0xd0 C:/devkitPro/libogc/lib/wii\libogc.a(exi.o)
                0x80027be8                EXI_ImmEx
 .text.EXI_Dma  0x80027cb8      0x154 C:/devkitPro/libogc/lib/wii\libogc.a(exi.o)
                0x80027cb8                EXI_Dma
 .text.EXI_GetState
                0x80027e0c       0x18 C:/devkitPro/libogc/lib/wii\libogc.a(exi.o)
                0x80027e0c                EXI_GetState
 .text.EXI_Detach
                0x80027e24       0xcc C:/devkitPro/libogc/lib/wii\libogc.a(exi.o)
                0x80027e24                EXI_Detach
 .text.EXI_GetID
                0x80027ef0      0x380 C:/devkitPro/libogc/lib/wii\libogc.a(exi.o)
                0x80027ef0                EXI_GetID
 .text.EXI_SelectSD
                0x80028270      0x23c C:/devkitPro/libogc/lib/wii\libogc.a(exi.o)
                0x80028270                EXI_SelectSD
 .text.__unlocked_handler
                0x800284ac       0x28 C:/devkitPro/libogc/lib/wii\libogc.a(exi.o)
 .text.EXI_Probe
                0x800284d4       0x78 C:/devkitPro/libogc/lib/wii\libogc.a(exi.o)
                0x800284d4                EXI_Probe
 .text.EXI_Attach
                0x8002854c       0xd0 C:/devkitPro/libogc/lib/wii\libogc.a(exi.o)
                0x8002854c                EXI_Attach
 .text.EXI_ProbeEx
                0x8002861c       0xa4 C:/devkitPro/libogc/lib/wii\libogc.a(exi.o)
                0x8002861c                EXI_ProbeEx
 .text.EXI_ProbeReset
                0x800286c0       0x70 C:/devkitPro/libogc/lib/wii\libogc.a(exi.o)
                0x800286c0                EXI_ProbeReset
 .text.__exi_init
                0x80028730      0x17c C:/devkitPro/libogc/lib/wii\libogc.a(exi.o)
                0x80028730                __exi_init
 .text.__lwp_mutex_locksupp.constprop.0
                0x800288ac      0x2a8 C:/devkitPro/libogc/lib/wii\libogc.a(mutex.o)
 .text.__lwp_mutex_init
                0x80028b54       0x14 C:/devkitPro/libogc/lib/wii\libogc.a(mutex.o)
                0x80028b54                __lwp_mutex_init
 .text.LWP_MutexInit
                0x80028b68       0xf8 C:/devkitPro/libogc/lib/wii\libogc.a(mutex.o)
                0x80028b68                LWP_MutexInit
 .text.LWP_MutexDestroy
                0x80028c60      0x104 C:/devkitPro/libogc/lib/wii\libogc.a(mutex.o)
                0x80028c60                LWP_MutexDestroy
 .text.LWP_MutexLock
                0x80028d64        0x8 C:/devkitPro/libogc/lib/wii\libogc.a(mutex.o)
                0x80028d64                LWP_MutexLock
 .text.LWP_MutexUnlock
                0x80028d6c       0x9c C:/devkitPro/libogc/lib/wii\libogc.a(mutex.o)
                0x80028d6c                LWP_MutexUnlock
 .text.__GX_InitRevBits
                0x80028e08       0x9c C:/devkitPro/libogc/lib/wii\libogc.a(gx.o)
 .text.GX_AbortFrame
                0x80028ea4      0x374 C:/devkitPro/libogc/lib/wii\libogc.a(gx.o)
                0x80028ea4                GX_AbortFrame
 .text._dietPrintDefaultFunc
                0x80029218       0xc8 C:/devkitPro/libogc/lib/wii\libogc.a(kprintf.o)
 .text._dietPrintWidth
                0x800292e0       0xe4 C:/devkitPro/libogc/lib/wii\libogc.a(kprintf.o)
                0x800292e0                _dietPrintWidth
 .text._dietPrintHex32
                0x800293c4      0x294 C:/devkitPro/libogc/lib/wii\libogc.a(kprintf.o)
 .text._dietPrintHex64
                0x80029658       0xc8 C:/devkitPro/libogc/lib/wii\libogc.a(kprintf.o)
                0x80029658                _dietPrintHex64
 .text.dietPrintV
                0x80029720      0x894 C:/devkitPro/libogc/lib/wii\libogc.a(kprintf.o)
                0x80029720                dietPrintV
 .text.kprintf  0x80029fb4       0x84 C:/devkitPro/libogc/lib/wii\libogc.a(kprintf.o)
                0x80029fb4                kprintf
 .text.__card_exthandler
                0x8002a038       0x64 C:/devkitPro/libogc/lib/wii\libogc.a(sdgecko_io.o)
 .text.__exi_unlock
                0x8002a09c       0x34 C:/devkitPro/libogc/lib/wii\libogc.a(sdgecko_io.o)
 .text.__card_dataread
                0x8002a0d0      0x2c0 C:/devkitPro/libogc/lib/wii\libogc.a(sdgecko_io.o)
 .text.__card_readresponse
                0x8002a390      0x1a8 C:/devkitPro/libogc/lib/wii\libogc.a(sdgecko_io.o)
 .text.__card_response2
                0x8002a538       0x88 C:/devkitPro/libogc/lib/wii\libogc.a(sdgecko_io.o)
 .text.__card_writecmd.constprop.0
                0x8002a5c0      0x23c C:/devkitPro/libogc/lib/wii\libogc.a(sdgecko_io.o)
 .text.__card_stopreadresponse.constprop.0
                0x8002a7fc      0x2d0 C:/devkitPro/libogc/lib/wii\libogc.a(sdgecko_io.o)
 .text.__card_softreset
                0x8002aacc      0x330 C:/devkitPro/libogc/lib/wii\libogc.a(sdgecko_io.o)
 .text.__card_sendappcmd
                0x8002adfc      0x13c C:/devkitPro/libogc/lib/wii\libogc.a(sdgecko_io.o)
 .text.__card_setblocklen
                0x8002af38      0x188 C:/devkitPro/libogc/lib/wii\libogc.a(sdgecko_io.o)
 .text.__card_sd_status
                0x8002b0c0       0xe0 C:/devkitPro/libogc/lib/wii\libogc.a(sdgecko_io.o)
 .text.__card_readcsd
                0x8002b1a0      0x160 C:/devkitPro/libogc/lib/wii\libogc.a(sdgecko_io.o)
 .text.__card_readcid
                0x8002b300      0x160 C:/devkitPro/libogc/lib/wii\libogc.a(sdgecko_io.o)
 .text.sdgecko_initIODefault
                0x8002b460      0x1a0 C:/devkitPro/libogc/lib/wii\libogc.a(sdgecko_io.o)
                0x8002b460                sdgecko_initIODefault
 .text.sdgecko_doUnmount
                0x8002b600       0xc8 C:/devkitPro/libogc/lib/wii\libogc.a(sdgecko_io.o)
                0x8002b600                sdgecko_doUnmount
 .text.sdgecko_initIO
                0x8002b6c8      0x614 C:/devkitPro/libogc/lib/wii\libogc.a(sdgecko_io.o)
                0x8002b6c8                sdgecko_initIO
 .text.__card_retrycb
                0x8002bcdc       0x18 C:/devkitPro/libogc/lib/wii\libogc.a(sdgecko_io.o)
 .text.sdgecko_preIO
                0x8002bcf4       0x24 C:/devkitPro/libogc/lib/wii\libogc.a(sdgecko_io.o)
                0x8002bcf4                sdgecko_preIO
 .text.sdgecko_readStatus
                0x8002bd18       0x70 C:/devkitPro/libogc/lib/wii\libogc.a(sdgecko_io.o)
                0x8002bd18                sdgecko_readStatus
 .text.sdgecko_readSectors
                0x8002bd88      0x388 C:/devkitPro/libogc/lib/wii\libogc.a(sdgecko_io.o)
                0x8002bd88                sdgecko_readSectors
 .text.sdgecko_writeSectors
                0x8002c110      0xacc C:/devkitPro/libogc/lib/wii\libogc.a(sdgecko_io.o)
                0x8002c110                sdgecko_writeSectors
 .text.sdgecko_initBufferPool
                0x8002cbdc       0x28 C:/devkitPro/libogc/lib/wii\libogc.a(sdgecko_buf.o)
                0x8002cbdc                sdgecko_initBufferPool
 .text.net_wc24cleanup
                0x8002cc04       0x64 C:/devkitPro/libogc/lib/wii\libogc.a(network_wii.o)
                0x8002cc04                net_wc24cleanup
 .text.__divdi3
                0x8002cc68      0x428 C:/devkitPro/devkitPPC/bin/../lib/gcc/powerpc-eabi/15.1.0\libgcc.a(_divdi3.o)
                0x8002cc68                __divdi3
 .text.__udivdi3
                0x8002d090      0x3cc C:/devkitPro/devkitPPC/bin/../lib/gcc/powerpc-eabi/15.1.0\libgcc.a(_udivdi3.o)
                0x8002d090                __udivdi3
 .text.__umoddi3
                0x8002d45c      0x384 C:/devkitPro/devkitPPC/bin/../lib/gcc/powerpc-eabi/15.1.0\libgcc.a(_umoddi3.o)
                0x8002d45c                __umoddi3
 .text.unlikely.abort
                0x8002d7e0       0x2c C:/devkitPro/devkitPPC/bin/../lib/gcc/powerpc-eabi/15.1.0/../../../../powerpc-eabi/lib\libsysbase.a(libsysbase_libsysbase_a-abort.o)
                0x8002d7e0                abort
 .text.build_argv
                0x8002d80c      0x130 C:/devkitPro/devkitPPC/bin/../lib/gcc/powerpc-eabi/15.1.0/../../../../powerpc-eabi/lib\libsysbase.a(libsysbase_libsysbase_a-build_argv.o)
                0x8002d80c                build_argv
 .text.chdir    0x8002d93c      0x1b8 C:/devkitPro/devkitPPC/bin/../lib/gcc/powerpc-eabi/15.1.0/../../../../powerpc-eabi/lib\libsysbase.a(libsysbase_libsysbase_a-chdir.o)
                0x8002d93c                chdir
 .text._concatenate_path
                0x8002daf4      0x27c C:/devkitPro/devkitPPC/bin/../lib/gcc/powerpc-eabi/15.1.0/../../../../powerpc-eabi/lib\libsysbase.a(libsysbase_libsysbase_a-concatenate.o)
                0x8002daf4                _concatenate_path
 .text.__getreent
                0x8002dd70       0x20 C:/devkitPro/devkitPPC/bin/../lib/gcc/powerpc-eabi/15.1.0/../../../../powerpc-eabi/lib\libsysbase.a(libsysbase_libsysbase_a-getreent.o)
                0x8002dd70                __getreent
 .text.null_write
                0x8002dd90        0x8 C:/devkitPro/devkitPPC/bin/../lib/gcc/powerpc-eabi/15.1.0/../../../../powerpc-eabi/lib\libsysbase.a(libsysbase_libsysbase_a-iosupport.o)
 .text.setDefaultDevice
                0x8002dd98       0x18 C:/devkitPro/devkitPPC/bin/../lib/gcc/powerpc-eabi/15.1.0/../../../../powerpc-eabi/lib\libsysbase.a(libsysbase_libsysbase_a-iosupport.o)
                0x8002dd98                setDefaultDevice
 .text.FindDevice
                0x8002ddb0      0x150 C:/devkitPro/devkitPPC/bin/../lib/gcc/powerpc-eabi/15.1.0/../../../../powerpc-eabi/lib\libsysbase.a(libsysbase_libsysbase_a-iosupport.o)
                0x8002ddb0                FindDevice
 .text.RemoveDevice
                0x8002df00       0x44 C:/devkitPro/devkitPPC/bin/../lib/gcc/powerpc-eabi/15.1.0/../../../../powerpc-eabi/lib\libsysbase.a(libsysbase_libsysbase_a-iosupport.o)
                0x8002df00                RemoveDevice
 .text.AddDevice
                0x8002df44      0x120 C:/devkitPro/devkitPPC/bin/../lib/gcc/powerpc-eabi/15.1.0/../../../../powerpc-eabi/lib\libsysbase.a(libsysbase_libsysbase_a-iosupport.o)
                0x8002df44                AddDevice
 .text.GetDeviceOpTab
                0x8002e064       0x4c C:/devkitPro/devkitPPC/bin/../lib/gcc/powerpc-eabi/15.1.0/../../../../powerpc-eabi/lib\libsysbase.a(libsysbase_libsysbase_a-iosupport.o)
                0x8002e064                GetDeviceOpTab
 .text.__libc_lock_init
                0x8002e0b0       0x14 C:/devkitPro/devkitPPC/bin/../lib/gcc/powerpc-eabi/15.1.0/../../../../powerpc-eabi/lib\libsysbase.a(libsysbase_libsysbase_a-syscall_support.o)
                0x8002e0b0                __libc_lock_init
 .text.__libc_lock_acquire
                0x8002e0c4       0x14 C:/devkitPro/devkitPPC/bin/../lib/gcc/powerpc-eabi/15.1.0/../../../../powerpc-eabi/lib\libsysbase.a(libsysbase_libsysbase_a-syscall_support.o)
                0x8002e0c4                __libc_lock_acquire
 .text.__libc_lock_release
                0x8002e0d8       0x14 C:/devkitPro/devkitPPC/bin/../lib/gcc/powerpc-eabi/15.1.0/../../../../powerpc-eabi/lib\libsysbase.a(libsysbase_libsysbase_a-syscall_support.o)
                0x8002e0d8                __libc_lock_release
 .text.__libc_lock_close
                0x8002e0ec       0x14 C:/devkitPro/devkitPPC/bin/../lib/gcc/powerpc-eabi/15.1.0/../../../../powerpc-eabi/lib\libsysbase.a(libsysbase_libsysbase_a-syscall_support.o)
                0x8002e0ec                __libc_lock_close
 .text.__libc_lock_init_recursive
                0x8002e100       0x14 C:/devkitPro/devkitPPC/bin/../lib/gcc/powerpc-eabi/15.1.0/../../../../powerpc-eabi/lib\libsysbase.a(libsysbase_libsysbase_a-syscall_support.o)
                0x8002e100                __libc_lock_init_recursive
 .text.__malloc_lock
                0x8002e114       0x14 C:/devkitPro/devkitPPC/bin/../lib/gcc/powerpc-eabi/15.1.0/../../../../powerpc-eabi/lib\libsysbase.a(libsysbase_libsysbase_a-syscall_support.o)
                0x8002e114                __malloc_lock
 .text.__malloc_unlock
                0x8002e128       0x14 C:/devkitPro/devkitPPC/bin/../lib/gcc/powerpc-eabi/15.1.0/../../../../powerpc-eabi/lib\libsysbase.a(libsysbase_libsysbase_a-syscall_support.o)
                0x8002e128                __malloc_unlock
 .text.truncate
                0x8002e13c      0x1d0 C:/devkitPro/devkitPPC/bin/../lib/gcc/powerpc-eabi/15.1.0/../../../../powerpc-eabi/lib\libsysbase.a(libsysbase_libsysbase_a-truncate.o)
                0x8002e13c                truncate
 .text.usleep   0x8002e30c       0x9c C:/devkitPro/devkitPPC/bin/../lib/gcc/powerpc-eabi/15.1.0/../../../../powerpc-eabi/lib\libsysbase.a(libsysbase_libsysbase_a-usleep.o)
                0x8002e30c                usleep